
*****************************************
Setting OMP_NUM_THREADS environment variable for each process to be 1 in default, to avoid your system being overloaded, please further tune the variable for optimal performance in your application as needed. 
*****************************************
[anchor] all_gather      world=16      1 MiB  median    0.433 ms  busbw    2.27 GB/s
[anchor] all_gather      world=16      4 MiB  median    0.313 ms  busbw   12.57 GB/s
[anchor] all_gather      world=16     16 MiB  median    0.707 ms  busbw   22.26 GB/s
[anchor] all_gather      world=16     64 MiB  median    2.572 ms  busbw   24.46 GB/s
[anchor] all_gather      world=16    256 MiB  median   10.131 ms  busbw   24.84 GB/s
[anchor] all_gather      world=16   1024 MiB  median   39.452 ms  busbw   25.52 GB/s
[anchor] reduce_scatter  world=16      1 MiB  median    0.162 ms  busbw    6.08 GB/s
[anchor] reduce_scatter  world=16      4 MiB  median    0.222 ms  busbw   17.70 GB/s
[anchor] reduce_scatter  world=16     16 MiB  median    0.665 ms  busbw   23.65 GB/s
[anchor] reduce_scatter  world=16     64 MiB  median    2.529 ms  busbw   24.88 GB/s
[anchor] reduce_scatter  world=16    256 MiB  median    9.767 ms  busbw   25.77 GB/s
[anchor] reduce_scatter  world=16   1024 MiB  median   39.225 ms  busbw   25.66 GB/s
[anchor] all_reduce      world=16      1 MiB  median    0.150 ms  busbw   13.15 GB/s
[anchor] all_reduce      world=16      4 MiB  median    0.272 ms  busbw   28.93 GB/s
[anchor] all_reduce      world=16     16 MiB  median    0.770 ms  busbw   40.88 GB/s
[anchor] all_reduce      world=16     64 MiB  median    6.658 ms  busbw   18.90 GB/s
[anchor] all_reduce      world=16    256 MiB  median   15.005 ms  busbw   33.54 GB/s
[anchor] all_reduce      world=16   1024 MiB  median   43.852 ms  busbw   45.91 GB/s
[anchor] host css-host-158 wrote ws/fusion-dispatch/results/e4_anchor_nccl/tc104_ppn8/nccl_anchor_w16.csv
[exclusive_guard_v2 css-host-158] CLEAN (foreign GPU 0, CPU 0, root 0; self warnings 0) log=/home/rogerlee/flux/ws/fusion-dispatch/results/e4_anchor_nccl/tc104_ppn8/guard_node0.log
