
*****************************************
Setting OMP_NUM_THREADS environment variable for each process to be 1 in default, to avoid your system being overloaded, please further tune the variable for optimal performance in your application as needed. 
*****************************************
[anchor] all_gather      world=8       1 MiB  median    0.294 ms  busbw    3.12 GB/s
[anchor] all_gather      world=8       4 MiB  median    0.407 ms  busbw    9.03 GB/s
[anchor] all_gather      world=8      16 MiB  median    1.029 ms  busbw   14.26 GB/s
[anchor] all_gather      world=8      64 MiB  median    6.160 ms  busbw    9.53 GB/s
[anchor] all_gather      world=8     256 MiB  median   16.251 ms  busbw   14.45 GB/s
[anchor] all_gather      world=8    1024 MiB  median   62.602 ms  busbw   15.01 GB/s
[anchor] reduce_scatter  world=8       1 MiB  median    0.131 ms  busbw    7.00 GB/s
[anchor] reduce_scatter  world=8       4 MiB  median    0.327 ms  busbw   11.24 GB/s
[anchor] reduce_scatter  world=8      16 MiB  median    1.034 ms  busbw   14.19 GB/s
[anchor] reduce_scatter  world=8      64 MiB  median    4.219 ms  busbw   13.92 GB/s
[anchor] reduce_scatter  world=8     256 MiB  median   16.108 ms  busbw   14.58 GB/s
[anchor] reduce_scatter  world=8    1024 MiB  median   63.119 ms  busbw   14.89 GB/s
[anchor] all_reduce      world=8       1 MiB  median    0.193 ms  busbw    9.53 GB/s
[anchor] all_reduce      world=8       4 MiB  median    0.547 ms  busbw   13.42 GB/s
[anchor] all_reduce      world=8      16 MiB  median    1.992 ms  busbw   14.74 GB/s
[anchor] all_reduce      world=8      64 MiB  median    8.094 ms  busbw   14.51 GB/s
[anchor] all_reduce      world=8     256 MiB  median   31.576 ms  busbw   14.88 GB/s
[anchor] all_reduce      world=8    1024 MiB  median  125.794 ms  busbw   14.94 GB/s
[anchor] host css-host-158 wrote ws/fusion-dispatch/results/e4_anchor_nccl/gdrread0_ppn4/nccl_anchor_w8.csv
[exclusive_guard_v2 css-host-158] CLEAN (foreign GPU 0, CPU 0, root 0; self warnings 0) log=/home/rogerlee/flux/ws/fusion-dispatch/results/e4_anchor_nccl/gdrread0_ppn4/guard_node0.log
