css-host-159:354638:354638 [0] NCCL INFO cudaDriverVersion 13040
css-host-159:354638:354638 [0] NCCL INFO NCCL_SOCKET_IFNAME set to enp29s0f0np0
css-host-159:354638:354638 [0] NCCL INFO Bootstrap : Using enp29s0f0np0:10.10.1.159<0>
css-host-159:354638:354638 [0] NCCL INFO NET/Plugin: No plugin found (libnccl-net.so)
css-host-159:354638:354638 [0] NCCL INFO NET/Plugin: Using internal network plugin.
css-host-159:354638:354784 [0] NCCL INFO NCCL_IB_HCA set to =mlx5_0,mlx5_1,mlx5_2,mlx5_4,mlx5_5,mlx5_6,mlx5_7
css-host-159:354638:354784 [0] NCCL INFO NET/IB : Using [0]mlx5_0:1/RoCE [1]mlx5_1:1/RoCE [2]mlx5_2:1/RoCE [3]mlx5_4:1/RoCE [4]mlx5_5:1/RoCE [5]mlx5_6:1/RoCE [6]mlx5_7:1/RoCE [RO]; OOB enp29s0f0np0:10.10.1.159<0>
css-host-159:354638:354784 [0] NCCL INFO Using non-device net plugin version 0
css-host-159:354638:354784 [0] NCCL INFO Using network IB
css-host-159:354638:354784 [0] NCCL INFO DMA-BUF is available on GPU device 0
css-host-159:354638:354784 [0] NCCL INFO ncclCommInitRank comm 0x63402e468c30 rank 1 nranks 2 cudaDev 0 nvmlDev 0 busId 10000 commId 0xf3e3e95b0bb494c3 - Init START
css-host-159:354638:354784 [0] NCCL INFO NET/IB : GPU Direct RDMA Enabled for HCA 0 'mlx5_0'
css-host-159:354638:354784 [0] NCCL INFO NET/IB : GPU Direct RDMA Enabled for HCA 1 'mlx5_1'
css-host-159:354638:354784 [0] NCCL INFO NET/IB : GPU Direct RDMA Enabled for HCA 2 'mlx5_2'
css-host-159:354638:354784 [0] NCCL INFO NET/IB : GPU Direct RDMA Enabled for HCA 3 'mlx5_4'
css-host-159:354638:354784 [0] NCCL INFO NET/IB : GPU Direct RDMA Enabled for HCA 4 'mlx5_5'
css-host-159:354638:354784 [0] NCCL INFO NET/IB : GPU Direct RDMA Enabled for HCA 5 'mlx5_6'
css-host-159:354638:354784 [0] NCCL INFO NET/IB : GPU Direct RDMA Enabled for HCA 6 'mlx5_7'
css-host-159:354638:354784 [0] NCCL INFO NCCL_P2P_LEVEL set by environment to NVL
css-host-159:354638:354784 [0] NCCL INFO GPU Direct RDMA Enabled for GPU 10000 / HCA 0 (distance 4 <= 4), read 0
css-host-159:354638:354784 [0] NCCL INFO GPU Direct RDMA Enabled for GPU 10000 / HCA 1 (distance 4 <= 4), read 0
css-host-159:354638:354784 [0] NCCL INFO GPU Direct RDMA Enabled for GPU 10000 / HCA 0 (distance 4 <= 4), read 0
css-host-159:354638:354784 [0] NCCL INFO GPU Direct RDMA Enabled for GPU 10000 / HCA 1 (distance 4 <= 4), read 0
css-host-159:354638:354784 [0] NCCL INFO Setting affinity for GPU 0 to ffffffff,00000000,ffffffff
css-host-159:354638:354784 [0] NCCL INFO comm 0x63402e468c30 rank 1 nRanks 2 nNodes 2 localRanks 1 localRank 0 MNNVL 0
css-host-159:354638:354784 [0] NCCL INFO Trees [0] -1/-1/-1->1->0 [1] -1/-1/-1->1->0 [2] 0/-1/-1->1->-1 [3] 0/-1/-1->1->-1
css-host-159:354638:354784 [0] NCCL INFO P2P Chunksize set to 131072
css-host-159:354638:354784 [0] NCCL INFO GPU Direct RDMA Enabled for GPU 10000 / HCA 0 (distance 4 <= 4), read 0
css-host-159:354638:354792 [0] NCCL INFO New proxy recv connection 0 from local rank 0, transport 2
css-host-159:354638:354784 [0] NCCL INFO Connected to proxy localRank 0 -> connection 0x749d58004f60
css-host-159:354638:354784 [0] NCCL INFO Channel 00/0 : 0[0] -> 1[0] [receive] via NET/IB/0/GDRDMA
css-host-159:354638:354784 [0] NCCL INFO GPU Direct RDMA Enabled for GPU 10000 / HCA 1 (distance 4 <= 4), read 0
css-host-159:354638:354792 [0] NCCL INFO New proxy recv connection 1 from local rank 0, transport 2
css-host-159:354638:354784 [0] NCCL INFO Connected to proxy localRank 0 -> connection 0x749d58004fd8
css-host-159:354638:354784 [0] NCCL INFO Channel 01/0 : 0[0] -> 1[0] [receive] via NET/IB/1/GDRDMA
css-host-159:354638:354784 [0] NCCL INFO GPU Direct RDMA Enabled for GPU 10000 / HCA 0 (distance 4 <= 4), read 0
css-host-159:354638:354792 [0] NCCL INFO New proxy recv connection 2 from local rank 0, transport 2
css-host-159:354638:354784 [0] NCCL INFO Connected to proxy localRank 0 -> connection 0x749d58005050
css-host-159:354638:354784 [0] NCCL INFO Channel 02/0 : 0[0] -> 1[0] [receive] via NET/IB/0/GDRDMA
css-host-159:354638:354784 [0] NCCL INFO GPU Direct RDMA Enabled for GPU 10000 / HCA 1 (distance 4 <= 4), read 0
css-host-159:354638:354792 [0] NCCL INFO New proxy recv connection 3 from local rank 0, transport 2
css-host-159:354638:354784 [0] NCCL INFO Connected to proxy localRank 0 -> connection 0x749d580050c8
css-host-159:354638:354784 [0] NCCL INFO Channel 03/0 : 0[0] -> 1[0] [receive] via NET/IB/1/GDRDMA
css-host-159:354638:354784 [0] NCCL INFO GPU Direct RDMA Enabled for GPU 10000 / HCA 0 (distance 4 <= 4), read 1
css-host-159:354638:354792 [0] NCCL INFO New proxy send connection 4 from local rank 0, transport 2
css-host-159:354638:354784 [0] NCCL INFO Connected to proxy localRank 0 -> connection 0x749d58005140
css-host-159:354638:354784 [0] NCCL INFO Channel 00/0 : 1[0] -> 0[0] [send] via NET/IB/0/GDRDMA
css-host-159:354638:354784 [0] NCCL INFO GPU Direct RDMA Enabled for GPU 10000 / HCA 1 (distance 4 <= 4), read 1
css-host-159:354638:354792 [0] NCCL INFO New proxy send connection 5 from local rank 0, transport 2
css-host-159:354638:354784 [0] NCCL INFO Connected to proxy localRank 0 -> connection 0x749d580051b8
css-host-159:354638:354784 [0] NCCL INFO Channel 01/0 : 1[0] -> 0[0] [send] via NET/IB/1/GDRDMA
css-host-159:354638:354784 [0] NCCL INFO GPU Direct RDMA Enabled for GPU 10000 / HCA 0 (distance 4 <= 4), read 1
css-host-159:354638:354792 [0] NCCL INFO New proxy send connection 6 from local rank 0, transport 2
css-host-159:354638:354784 [0] NCCL INFO Connected to proxy localRank 0 -> connection 0x749d58005230
css-host-159:354638:354784 [0] NCCL INFO Channel 02/0 : 1[0] -> 0[0] [send] via NET/IB/0/GDRDMA
css-host-159:354638:354784 [0] NCCL INFO GPU Direct RDMA Enabled for GPU 10000 / HCA 1 (distance 4 <= 4), read 1
css-host-159:354638:354792 [0] NCCL INFO New proxy send connection 7 from local rank 0, transport 2
css-host-159:354638:354784 [0] NCCL INFO Connected to proxy localRank 0 -> connection 0x749d580052a8
css-host-159:354638:354784 [0] NCCL INFO Channel 03/0 : 1[0] -> 0[0] [send] via NET/IB/1/GDRDMA
css-host-159:354638:354792 [0] NCCL INFO NET/IB: NCCL Dev 0 IbDev 0 Port 1 qpn 176 mtu 5 query_ece={supported=1, vendor_id=0x15b3, options=0x30000003, comp_mask=0x0} GID 3 (0/9F010A0AFFFF0000) fifoRkey=0x1822e1 fifoLkey=0x1822e1
css-host-159:354638:354792 [0] NCCL INFO NET/IB: NCCL Dev 1 IbDev 1 Port 1 qpn 432 mtu 5 query_ece={supported=1, vendor_id=0x15b3, options=0x30000003, comp_mask=0x0} GID 3 (0/9F020A0AFFFF0000) fifoRkey=0x1bb3b3 fifoLkey=0x1bb3b3
css-host-159:354638:354792 [0] NCCL INFO NET/IB: IbDev 0 Port 1 qpn 177 set_ece={supported=1, vendor_id=0x15b3, options=0x0, comp_mask=0x0}
css-host-159:354638:354792 [0] NCCL INFO NET/IB: IbDev 1 Port 1 qpn 433 set_ece={supported=1, vendor_id=0x15b3, options=0x0, comp_mask=0x0}
css-host-159:354638:354792 [0] NCCL INFO NET/IB: NCCL Dev 0 IbDev 0 Port 1 qpn 179 mtu 5 query_ece={supported=1, vendor_id=0x15b3, options=0x30000003, comp_mask=0x0} GID 3 (0/9F010A0AFFFF0000) fifoRkey=0x17e2a1 fifoLkey=0x17e2a1
css-host-159:354638:354792 [0] NCCL INFO NET/IB: NCCL Dev 1 IbDev 1 Port 1 qpn 435 mtu 5 query_ece={supported=1, vendor_id=0x15b3, options=0x30000003, comp_mask=0x0} GID 3 (0/9F020A0AFFFF0000) fifoRkey=0x1baca8 fifoLkey=0x1baca8
css-host-159:354638:354792 [0] NCCL INFO NET/IB: IbDev 0 Port 1 qpn 180 set_ece={supported=1, vendor_id=0x15b3, options=0x0, comp_mask=0x0}
css-host-159:354638:354792 [0] NCCL INFO NET/IB: IbDev 1 Port 1 qpn 436 set_ece={supported=1, vendor_id=0x15b3, options=0x0, comp_mask=0x0}
css-host-159:354638:354784 [0] NCCL INFO Connected all rings
css-host-159:354638:354784 [0] NCCL INFO Connected all trees
css-host-159:354638:354784 [0] NCCL INFO threadThresholds 8/8/64 | 16/8/64 | 512 | 512
css-host-159:354638:354784 [0] NCCL INFO 4 coll channels, 4 collnet channels, 0 nvls channels, 4 p2p channels, 2 p2p channels per peer
css-host-159:354638:354792 [0] NCCL INFO New proxy send connection 8 from local rank 0, transport 2
css-host-159:354638:354784 [0] NCCL INFO Connected to proxy localRank 0 -> connection 0x749d58005320
css-host-159:354638:354784 [0] NCCL INFO ncclCommInitRank comm 0x63402e468c30 rank 1 nranks 2 cudaDev 0 nvmlDev 0 busId 10000 commId 0xf3e3e95b0bb494c3 - Init COMPLETE
W1003 11:41:04.992000 354507 .pixi/envs/default/lib/python3.11/site-packages/torch/distributed/elastic/agent/server/api.py:719] Received 15 death signal, shutting down workers
W1003 11:41:04.992000 354507 .pixi/envs/default/lib/python3.11/site-packages/torch/distributed/elastic/multiprocessing/api.py:897] Sending process 354638 closing signal SIGTERM
Traceback (most recent call last):
  File "<frozen runpy>", line 198, in _run_module_as_main
  File "<frozen runpy>", line 88, in _run_code
  File "/home/rogerlee/flux/.pixi/envs/default/lib/python3.11/site-packages/torch/distributed/run.py", line 922, in <module>
    main()
  File "/home/rogerlee/flux/.pixi/envs/default/lib/python3.11/site-packages/torch/distributed/elastic/multiprocessing/errors/__init__.py", line 355, in wrapper
    return f(*args, **kwargs)
           ^^^^^^^^^^^^^^^^^^
  File "/home/rogerlee/flux/.pixi/envs/default/lib/python3.11/site-packages/torch/distributed/run.py", line 918, in main
    run(args)
  File "/home/rogerlee/flux/.pixi/envs/default/lib/python3.11/site-packages/torch/distributed/run.py", line 909, in run
    elastic_launch(
  File "/home/rogerlee/flux/.pixi/envs/default/lib/python3.11/site-packages/torch/distributed/launcher/api.py", line 138, in __call__
    return launch_agent(self._config, self._entrypoint, list(args))
           ^^^^^^^^^^^^^^^^^^^^^^^^^^^^^^^^^^^^^^^^^^^^^^^^^^^^^^^^
  File "/home/rogerlee/flux/.pixi/envs/default/lib/python3.11/site-packages/torch/distributed/launcher/api.py", line 260, in launch_agent
    result = agent.run()
             ^^^^^^^^^^^
  File "/home/rogerlee/flux/.pixi/envs/default/lib/python3.11/site-packages/torch/distributed/elastic/metrics/api.py", line 137, in wrapper
    result = f(*args, **kwargs)
             ^^^^^^^^^^^^^^^^^^
  File "/home/rogerlee/flux/.pixi/envs/default/lib/python3.11/site-packages/torch/distributed/elastic/agent/server/api.py", line 711, in run
    result = self._invoke_run(role)
             ^^^^^^^^^^^^^^^^^^^^^^
  File "/home/rogerlee/flux/.pixi/envs/default/lib/python3.11/site-packages/torch/distributed/elastic/agent/server/api.py", line 870, in _invoke_run
    time.sleep(monitor_interval)
  File "/home/rogerlee/flux/.pixi/envs/default/lib/python3.11/site-packages/torch/distributed/elastic/multiprocessing/api.py", line 84, in _terminate_process_handler
    raise SignalException(f"Process {os.getpid()} got signal: {sigval}", sigval=sigval)
torch.distributed.elastic.multiprocessing.api.SignalException: Process 354507 got signal: 15
[exclusive_guard_v2 css-host-159] CLEAN (foreign GPU 0, CPU 0, root 0; self warnings 15) log=/home/rogerlee/flux/ws/fusion-dispatch/results/e4_anchor_nccl/w2_A_nomerge/guard_node1.log
