
*****************************************
Setting OMP_NUM_THREADS environment variable for each process to be 1 in default, to avoid your system being overloaded, please further tune the variable for optimal performance in your application as needed. 
*****************************************
/dvs/p4/build/sw/rel/gpgpu/toolkit/r12.8/main_nvshmem/src/modules/transport/ibrc/ibrc.cpp:418: non-zero status: 110 ibv_modify_qp failed 

/dvs/p4/build/sw/rel/gpgpu/toolkit/r12.8/main_nvshmem/src/modules/transport/ibrc/ibrc.cpp:1433: non-zero status: 7 ep_connect failed 

/dvs/p4/build/sw/rel/gpgpu/toolkit/r12.8/main_nvshmem/src/modules/transport/ibrc/ibrc.cpp:1501: non-zero status: 7 transport create connect failed 

/dvs/p4/build/sw/rel/gpgpu/toolkit/r12.8/main_nvshmem/src/modules/transport/ibrc/ibrc.cpp:418: non-zero status: 110 /dvs/p4/build/sw/rel/gpgpu/toolkit/r12.8/main_nvshmem/src/host/transport/transport.cpp:400: non-zero status: 7 /dvs/p4/build/sw/rel/gpgpu/toolkit/r12.8/main_nvshmem/src/modules/transport/ibrc/ibrc.cpp:418: non-zero status: 110 connect EPS failed 
ibv_modify_qp failed 
ibv_modify_qp failed 



/dvs/p4/build/sw/rel/gpgpu/toolkit/r12.8/main_nvshmem/src/modules/transport/ibrc/ibrc.cpp:1433: non-zero status: 7 /dvs/p4/build/sw/rel/gpgpu/toolkit/r12.8/main_nvshmem/src/host/init/init.cu:1008: non-zero status: 7 /dvs/p4/build/sw/rel/gpgpu/toolkit/r12.8/main_nvshmem/src/modules/transport/ibrc/ibrc.cpp:1433: non-zero status: 7 ep_connect failed 
nvshmem setup connections failed 
ep_connect failed 


/dvs/p4/build/sw/rel/gpgpu/toolkit/r12.8/main_nvshmem/src/modules/transport/ibrc/ibrc.cpp:418: non-zero status: 110 
/dvs/p4/build/sw/rel/gpgpu/toolkit/r12.8/main_nvshmem/src/modules/transport/ibrc/ibrc.cpp:1501: non-zero status: 7 transport create connect failed 
/dvs/p4/build/sw/rel/gpgpu/toolkit/r12.8/main_nvshmem/src/modules/transport/ibrc/ibrc.cpp:1501: non-zero status: 7 
transport create connect failed 

ibv_modify_qp failed 
/dvs/p4/build/sw/rel/gpgpu/toolkit/r12.8/main_nvshmem/src/host/transport/transport.cpp:400: non-zero status: 7 /dvs/p4/build/sw/rel/gpgpu/toolkit/r12.8/main_nvshmem/src/host/transport/transport.cpp:400: non-zero status: 7 connect EPS failed 
connect EPS failed 



/dvs/p4/build/sw/rel/gpgpu/toolkit/r12.8/main_nvshmem/src/host/init/init.cu:1008: non-zero status: 7 /dvs/p4/build/sw/rel/gpgpu/toolkit/r12.8/main_nvshmem/src/host/init/init.cu:1008: non-zero status: 7 nvshmem setup connections failed 
nvshmem setup connections failed 
/dvs/p4/build/sw/rel/gpgpu/toolkit/r12.8/main_nvshmem/src/modules/transport/ibrc/ibrc.cpp:1433: non-zero status: 7 

ep_connect failed 

/dvs/p4/build/sw/rel/gpgpu/toolkit/r12.8/main_nvshmem/src/modules/transport/ibrc/ibrc.cpp:1501: non-zero status: 7 transport create connect failed 

/dvs/p4/build/sw/rel/gpgpu/toolkit/r12.8/main_nvshmem/src/host/transport/transport.cpp:400: non-zero status: 7 connect EPS failed 

/dvs/p4/build/sw/rel/gpgpu/toolkit/r12.8/main_nvshmem/src/host/init/init.cu:1008: non-zero status: 7 nvshmem setup connections failed 

[rank7]:[W1003 12:23:55.624720868 ProcessGroupNCCL.cpp:4561] [PG ID 0 PG GUID 0 Rank 7]  using GPU 3 to perform barrier as devices used by this process are currently unknown. This can potentially cause a hang if this rank to GPU mapping is incorrect. Specify device_ids in barrier() to force use of a particular device, or call init_process_group() with a device_id.
[rank5]:[W1003 12:23:55.633019372 ProcessGroupNCCL.cpp:4561] [PG ID 0 PG GUID 0 Rank 5]  using GPU 1 to perform barrier as devices used by this process are currently unknown. This can potentially cause a hang if this rank to GPU mapping is incorrect. Specify device_ids in barrier() to force use of a particular device, or call init_process_group() with a device_id.
[rank4]:[W1003 12:23:55.636836044 ProcessGroupNCCL.cpp:4561] [PG ID 0 PG GUID 0 Rank 4]  using GPU 0 to perform barrier as devices used by this process are currently unknown. This can potentially cause a hang if this rank to GPU mapping is incorrect. Specify device_ids in barrier() to force use of a particular device, or call init_process_group() with a device_id.
[rank6]:[W1003 12:23:55.648283726 ProcessGroupNCCL.cpp:4561] [PG ID 0 PG GUID 0 Rank 6]  using GPU 2 to perform barrier as devices used by this process are currently unknown. This can potentially cause a hang if this rank to GPU mapping is incorrect. Specify device_ids in barrier() to force use of a particular device, or call init_process_group() with a device_id.
/home/rogerlee/flux/src/ths_op/flux_shm.cc:56 Check failed: nvshmemx_init_status() >= NVSHMEM_STATUS_IS_INITIALIZED. nvshmem not initialized: status NVSHMEM_STATUS_IS_BOOTSTRAPPED
/home/rogerlee/flux/src/ths_op/flux_shm.cc:56 Check failed: nvshmemx_init_status() >= NVSHMEM_STATUS_IS_INITIALIZED. nvshmem not initialized: status NVSHMEM_STATUS_IS_BOOTSTRAPPED
[rank5]: Traceback (most recent call last):
[rank5]:   File "/home/rogerlee/flux/test/python/ag_gemm/test_ag_kernel.py", line 695, in <module>
[rank5]:     perf_res_flux = perf_flux(
[rank5]:                     ^^^^^^^^^^
[rank5]:   File "/home/rogerlee/flux/.pixi/envs/default/lib/python3.11/site-packages/torch/utils/_contextlib.py", line 116, in decorate_context
[rank5]:     return func(*args, **kwargs)
[rank5]:            ^^^^^^^^^^^^^^^^^^^^^
[rank5]:   File "/home/rogerlee/flux/test/python/ag_gemm/test_ag_kernel.py", line 415, in perf_flux
[rank5]:     all_gather_gemm_kernel = flux.AGKernel(
[rank5]:                              ^^^^^^^^^^^^^^
[rank5]: RuntimeError: /home/rogerlee/flux/src/ths_op/flux_shm.cc:56 Check failed: nvshmemx_init_status() >= NVSHMEM_STATUS_IS_INITIALIZED. nvshmem not initialized: status NVSHMEM_STATUS_IS_BOOTSTRAPPED
/home/rogerlee/flux/src/ths_op/flux_shm.cc:56 Check failed: nvshmemx_init_status() >= NVSHMEM_STATUS_IS_INITIALIZED. nvshmem not initialized: status NVSHMEM_STATUS_IS_BOOTSTRAPPED
[rank7]: Traceback (most recent call last):
[rank7]:   File "/home/rogerlee/flux/test/python/ag_gemm/test_ag_kernel.py", line 695, in <module>
[rank7]:     perf_res_flux = perf_flux(
[rank7]:                     ^^^^^^^^^^
[rank7]:   File "/home/rogerlee/flux/.pixi/envs/default/lib/python3.11/site-packages/torch/utils/_contextlib.py", line 116, in decorate_context
[rank7]:     return func(*args, **kwargs)
[rank7]:            ^^^^^^^^^^^^^^^^^^^^^
[rank7]:   File "/home/rogerlee/flux/test/python/ag_gemm/test_ag_kernel.py", line 415, in perf_flux
[rank7]:     all_gather_gemm_kernel = flux.AGKernel(
[rank7]:                              ^^^^^^^^^^^^^^
[rank7]: RuntimeError: /home/rogerlee/flux/src/ths_op/flux_shm.cc:56 Check failed: nvshmemx_init_status() >= NVSHMEM_STATUS_IS_INITIALIZED. nvshmem not initialized: status NVSHMEM_STATUS_IS_BOOTSTRAPPED
[rank6]: Traceback (most recent call last):
[rank6]:   File "/home/rogerlee/flux/test/python/ag_gemm/test_ag_kernel.py", line 695, in <module>
[rank6]:     perf_res_flux = perf_flux(
[rank6]:                     ^^^^^^^^^^
[rank6]:   File "/home/rogerlee/flux/.pixi/envs/default/lib/python3.11/site-packages/torch/utils/_contextlib.py", line 116, in decorate_context
[rank6]:     return func(*args, **kwargs)
[rank6]:            ^^^^^^^^^^^^^^^^^^^^^
[rank6]:   File "/home/rogerlee/flux/test/python/ag_gemm/test_ag_kernel.py", line 415, in perf_flux
[rank6]:     all_gather_gemm_kernel = flux.AGKernel(
[rank6]:                              ^^^^^^^^^^^^^^
[rank6]: RuntimeError: /home/rogerlee/flux/src/ths_op/flux_shm.cc:56 Check failed: nvshmemx_init_status() >= NVSHMEM_STATUS_IS_INITIALIZED. nvshmem not initialized: status NVSHMEM_STATUS_IS_BOOTSTRAPPED
/home/rogerlee/flux/src/ths_op/flux_shm.cc:56 Check failed: nvshmemx_init_status() >= NVSHMEM_STATUS_IS_INITIALIZED. nvshmem not initialized: status NVSHMEM_STATUS_IS_BOOTSTRAPPED
[rank4]: Traceback (most recent call last):
[rank4]:   File "/home/rogerlee/flux/test/python/ag_gemm/test_ag_kernel.py", line 695, in <module>
[rank4]:     perf_res_flux = perf_flux(
[rank4]:                     ^^^^^^^^^^
[rank4]:   File "/home/rogerlee/flux/.pixi/envs/default/lib/python3.11/site-packages/torch/utils/_contextlib.py", line 116, in decorate_context
[rank4]:     return func(*args, **kwargs)
[rank4]:            ^^^^^^^^^^^^^^^^^^^^^
[rank4]:   File "/home/rogerlee/flux/test/python/ag_gemm/test_ag_kernel.py", line 415, in perf_flux
[rank4]:     all_gather_gemm_kernel = flux.AGKernel(
[rank4]:                              ^^^^^^^^^^^^^^
[rank4]: RuntimeError: /home/rogerlee/flux/src/ths_op/flux_shm.cc:56 Check failed: nvshmemx_init_status() >= NVSHMEM_STATUS_IS_INITIALIZED. nvshmem not initialized: status NVSHMEM_STATUS_IS_BOOTSTRAPPED
[rank4]:[W1003 12:23:56.766920636 ProcessGroupNCCL.cpp:1496] Warning: WARNING: destroy_process_group() was not called before program exit, which can leak resources. For more info, please see https://pytorch.org/docs/stable/distributed.html#shutdown (function operator())
W1003 12:23:57.534000 373935 .pixi/envs/default/lib/python3.11/site-packages/torch/distributed/elastic/multiprocessing/api.py:897] Sending process 374066 closing signal SIGTERM
W1003 12:23:57.535000 373935 .pixi/envs/default/lib/python3.11/site-packages/torch/distributed/elastic/multiprocessing/api.py:897] Sending process 374067 closing signal SIGTERM
W1003 12:23:57.535000 373935 .pixi/envs/default/lib/python3.11/site-packages/torch/distributed/elastic/multiprocessing/api.py:897] Sending process 374069 closing signal SIGTERM
E1003 12:23:58.013000 373935 .pixi/envs/default/lib/python3.11/site-packages/torch/distributed/elastic/multiprocessing/api.py:869] failed (exitcode: 1) local_rank: 2 (pid: 374068) of binary: /home/rogerlee/flux/.pixi/envs/default/bin/python
Traceback (most recent call last):
  File "<frozen runpy>", line 198, in _run_module_as_main
  File "<frozen runpy>", line 88, in _run_code
  File "/home/rogerlee/flux/.pixi/envs/default/lib/python3.11/site-packages/torch/distributed/run.py", line 922, in <module>
    main()
  File "/home/rogerlee/flux/.pixi/envs/default/lib/python3.11/site-packages/torch/distributed/elastic/multiprocessing/errors/__init__.py", line 355, in wrapper
    return f(*args, **kwargs)
           ^^^^^^^^^^^^^^^^^^
  File "/home/rogerlee/flux/.pixi/envs/default/lib/python3.11/site-packages/torch/distributed/run.py", line 918, in main
    run(args)
  File "/home/rogerlee/flux/.pixi/envs/default/lib/python3.11/site-packages/torch/distributed/run.py", line 909, in run
    elastic_launch(
  File "/home/rogerlee/flux/.pixi/envs/default/lib/python3.11/site-packages/torch/distributed/launcher/api.py", line 138, in __call__
    return launch_agent(self._config, self._entrypoint, list(args))
           ^^^^^^^^^^^^^^^^^^^^^^^^^^^^^^^^^^^^^^^^^^^^^^^^^^^^^^^^
  File "/home/rogerlee/flux/.pixi/envs/default/lib/python3.11/site-packages/torch/distributed/launcher/api.py", line 269, in launch_agent
    raise ChildFailedError(
torch.distributed.elastic.multiprocessing.errors.ChildFailedError: 
============================================================
test/python/ag_gemm/test_ag_kernel.py FAILED
------------------------------------------------------------
Failures:
  <NO_OTHER_FAILURES>
------------------------------------------------------------
Root Cause (first observed failure):
[0]:
  time      : 2026-10-03_12:23:57
  host      : css-host-159
  rank      : 6 (local_rank: 2)
  exitcode  : 1 (pid: 374068)
  error_file: <N/A>
  traceback : To enable traceback see: https://pytorch.org/docs/stable/elastic/errors.html
============================================================
[exclusive_guard_v2 css-host-159] CLEAN (foreign GPU 0, CPU 0, root 0; self warnings 0) log=/home/rogerlee/flux/ws/fusion-dispatch/results/e4_flux_smoke/ag_ppn4/guard_node1.log
