
*****************************************
Setting OMP_NUM_THREADS environment variable for each process to be 1 in default, to avoid your system being overloaded, please further tune the variable for optimal performance in your application as needed. 
*****************************************
[rank1]:[W1003 16:36:55.567464172 ProcessGroupNCCL.cpp:4561] [PG ID 0 PG GUID 0 Rank 1]  using GPU 1 to perform barrier as devices used by this process are currently unknown. This can potentially cause a hang if this rank to GPU mapping is incorrect. Specify device_ids in barrier() to force use of a particular device, or call init_process_group() with a device_id.
[rank0]:[W1003 16:36:55.567470641 ProcessGroupNCCL.cpp:4561] [PG ID 0 PG GUID 0 Rank 0]  using GPU 0 to perform barrier as devices used by this process are currently unknown. This can potentially cause a hang if this rank to GPU mapping is incorrect. Specify device_ids in barrier() to force use of a particular device, or call init_process_group() with a device_id.
[rank3]:[W1003 16:36:55.567533733 ProcessGroupNCCL.cpp:4561] [PG ID 0 PG GUID 0 Rank 3]  using GPU 3 to perform barrier as devices used by this process are currently unknown. This can potentially cause a hang if this rank to GPU mapping is incorrect. Specify device_ids in barrier() to force use of a particular device, or call init_process_group() with a device_id.
[rank2]:[W1003 16:36:55.567608964 ProcessGroupNCCL.cpp:4561] [PG ID 0 PG GUID 0 Rank 2]  using GPU 2 to perform barrier as devices used by this process are currently unknown. This can potentially cause a hang if this rank to GPU mapping is incorrect. Specify device_ids in barrier() to force use of a particular device, or call init_process_group() with a device_id.
[rank2]: Traceback (most recent call last):
[rank2]:   File "/home/rogerlee/flux/test/python/gemm_rs/test_gemm_rs.py", line 530, in <module>
[rank2]:     perf_res_flux = perf_flux(
[rank2]:                     ^^^^^^^^^^
[rank2]:   File "/home/rogerlee/flux/.pixi/envs/default/lib/python3.11/site-packages/torch/utils/_contextlib.py", line 116, in decorate_context
[rank2]:     return func(*args, **kwargs)
[rank2]:            ^^^^^^^^^^^^^^^^^^^^^
[rank2]:   File "/home/rogerlee/flux/test/python/gemm_rs/test_gemm_rs.py", line 254, in perf_flux
[rank2]:     torch.cuda.current_stream().synchronize()
[rank2]:   File "/home/rogerlee/flux/.pixi/envs/default/lib/python3.11/site-packages/torch/cuda/streams.py", line 99, in synchronize
[rank2]:     super().synchronize()
[rank2]: RuntimeError: CUDA error: an illegal memory access was encountered
[rank2]: CUDA kernel errors might be asynchronously reported at some other API call, so the stacktrace below might be incorrect.
[rank2]: For debugging consider passing CUDA_LAUNCH_BLOCKING=1
[rank2]: Compile with `TORCH_USE_CUDA_DSA` to enable device-side assertions.

[rank2]:[E1003 16:36:57.271245127 ProcessGroupNCCL.cpp:1895] [PG ID 0 PG GUID 0(default_pg) Rank 2] Process group watchdog thread terminated with exception: CUDA error: an illegal memory access was encountered
CUDA kernel errors might be asynchronously reported at some other API call, so the stacktrace below might be incorrect.
For debugging consider passing CUDA_LAUNCH_BLOCKING=1
Compile with `TORCH_USE_CUDA_DSA` to enable device-side assertions.

Exception raised from c10_cuda_check_implementation at /pytorch/c10/cuda/CUDAException.cpp:43 (most recent call first):
frame #0: c10::Error::Error(c10::SourceLocation, std::string) + 0x96 (0x7189dcd6c1b6 in /home/rogerlee/flux/.pixi/envs/default/lib/python3.11/site-packages/torch/lib/libc10.so)
frame #1: c10::detail::torchCheckFail(char const*, char const*, unsigned int, std::string const&) + 0x64 (0x7189dcd15a76 in /home/rogerlee/flux/.pixi/envs/default/lib/python3.11/site-packages/torch/lib/libc10.so)
frame #2: c10::cuda::c10_cuda_check_implementation(int, char const*, char const*, int, bool) + 0x118 (0x7189dd161918 in /home/rogerlee/flux/.pixi/envs/default/lib/python3.11/site-packages/torch/lib/libc10_cuda.so)
frame #3: c10d::ProcessGroupNCCL::WorkNCCL::finishedGPUExecutionInternal() const + 0x56 (0x71898adf1556 in /home/rogerlee/flux/.pixi/envs/default/lib/python3.11/site-packages/torch/lib/libtorch_cuda.so)
frame #4: c10d::ProcessGroupNCCL::WorkNCCL::isCompleted() + 0xa0 (0x71898adfe8c0 in /home/rogerlee/flux/.pixi/envs/default/lib/python3.11/site-packages/torch/lib/libtorch_cuda.so)
frame #5: c10d::ProcessGroupNCCL::watchdogHandler() + 0x617 (0x71898ae00557 in /home/rogerlee/flux/.pixi/envs/default/lib/python3.11/site-packages/torch/lib/libtorch_cuda.so)
frame #6: c10d::ProcessGroupNCCL::ncclCommWatchdog() + 0x14d (0x71898ae016ed in /home/rogerlee/flux/.pixi/envs/default/lib/python3.11/site-packages/torch/lib/libtorch_cuda.so)
frame #7: <unknown function> + 0x145c0 (0x7189dd1de5c0 in /home/rogerlee/flux/.pixi/envs/default/lib/python3.11/site-packages/torch/lib/libtorch.so)
frame #8: <unknown function> + 0x9cb84 (0x7189ddc9cb84 in /lib/x86_64-linux-gnu/libc.so.6)
frame #9: <unknown function> + 0x129ecc (0x7189ddd29ecc in /lib/x86_64-linux-gnu/libc.so.6)

terminate called after throwing an instance of 'c10::DistBackendError'
  what():  [PG ID 0 PG GUID 0(default_pg) Rank 2] Process group watchdog thread terminated with exception: CUDA error: an illegal memory access was encountered
CUDA kernel errors might be asynchronously reported at some other API call, so the stacktrace below might be incorrect.
For debugging consider passing CUDA_LAUNCH_BLOCKING=1
Compile with `TORCH_USE_CUDA_DSA` to enable device-side assertions.

Exception raised from c10_cuda_check_implementation at /pytorch/c10/cuda/CUDAException.cpp:43 (most recent call first):
frame #0: c10::Error::Error(c10::SourceLocation, std::string) + 0x96 (0x7189dcd6c1b6 in /home/rogerlee/flux/.pixi/envs/default/lib/python3.11/site-packages/torch/lib/libc10.so)
frame #1: c10::detail::torchCheckFail(char const*, char const*, unsigned int, std::string const&) + 0x64 (0x7189dcd15a76 in /home/rogerlee/flux/.pixi/envs/default/lib/python3.11/site-packages/torch/lib/libc10.so)
frame #2: c10::cuda::c10_cuda_check_implementation(int, char const*, char const*, int, bool) + 0x118 (0x7189dd161918 in /home/rogerlee/flux/.pixi/envs/default/lib/python3.11/site-packages/torch/lib/libc10_cuda.so)
frame #3: c10d::ProcessGroupNCCL::WorkNCCL::finishedGPUExecutionInternal() const + 0x56 (0x71898adf1556 in /home/rogerlee/flux/.pixi/envs/default/lib/python3.11/site-packages/torch/lib/libtorch_cuda.so)
frame #4: c10d::ProcessGroupNCCL::WorkNCCL::isCompleted() + 0xa0 (0x71898adfe8c0 in /home/rogerlee/flux/.pixi/envs/default/lib/python3.11/site-packages/torch/lib/libtorch_cuda.so)
frame #5: c10d::ProcessGroupNCCL::watchdogHandler() + 0x617 (0x71898ae00557 in /home/rogerlee/flux/.pixi/envs/default/lib/python3.11/site-packages/torch/lib/libtorch_cuda.so)
frame #6: c10d::ProcessGroupNCCL::ncclCommWatchdog() + 0x14d (0x71898ae016ed in /home/rogerlee/flux/.pixi/envs/default/lib/python3.11/site-packages/torch/lib/libtorch_cuda.so)
frame #7: <unknown function> + 0x145c0 (0x7189dd1de5c0 in /home/rogerlee/flux/.pixi/envs/default/lib/python3.11/site-packages/torch/lib/libtorch.so)
frame #8: <unknown function> + 0x9cb84 (0x7189ddc9cb84 in /lib/x86_64-linux-gnu/libc.so.6)
frame #9: <unknown function> + 0x129ecc (0x7189ddd29ecc in /lib/x86_64-linux-gnu/libc.so.6)

Exception raised from ncclCommWatchdog at /pytorch/torch/csrc/distributed/c10d/ProcessGroupNCCL.cpp:1901 (most recent call first):
frame #0: c10::Error::Error(c10::SourceLocation, std::string) + 0x96 (0x7189dcd6c1b6 in /home/rogerlee/flux/.pixi/envs/default/lib/python3.11/site-packages/torch/lib/libc10.so)
frame #1: <unknown function> + 0xe5c6fc (0x71898aa5c6fc in /home/rogerlee/flux/.pixi/envs/default/lib/python3.11/site-packages/torch/lib/libtorch_cuda.so)
frame #2: <unknown function> + 0x145c0 (0x7189dd1de5c0 in /home/rogerlee/flux/.pixi/envs/default/lib/python3.11/site-packages/torch/lib/libtorch.so)
frame #3: <unknown function> + 0x9cb84 (0x7189ddc9cb84 in /lib/x86_64-linux-gnu/libc.so.6)
frame #4: <unknown function> + 0x129ecc (0x7189ddd29ecc in /lib/x86_64-linux-gnu/libc.so.6)

[rank1]: Traceback (most recent call last):
[rank1]:   File "/home/rogerlee/flux/test/python/gemm_rs/test_gemm_rs.py", line 530, in <module>
[rank1]:     perf_res_flux = perf_flux(
[rank1]:                     ^^^^^^^^^^
[rank1]:   File "/home/rogerlee/flux/.pixi/envs/default/lib/python3.11/site-packages/torch/utils/_contextlib.py", line 116, in decorate_context
[rank1]:     return func(*args, **kwargs)
[rank1]:            ^^^^^^^^^^^^^^^^^^^^^
[rank1]:   File "/home/rogerlee/flux/test/python/gemm_rs/test_gemm_rs.py", line 254, in perf_flux
[rank1]:     torch.cuda.current_stream().synchronize()
[rank1]:   File "/home/rogerlee/flux/.pixi/envs/default/lib/python3.11/site-packages/torch/cuda/streams.py", line 99, in synchronize
[rank1]:     super().synchronize()
[rank1]: RuntimeError: CUDA error: an illegal memory access was encountered
[rank1]: CUDA kernel errors might be asynchronously reported at some other API call, so the stacktrace below might be incorrect.
[rank1]: For debugging consider passing CUDA_LAUNCH_BLOCKING=1
[rank1]: Compile with `TORCH_USE_CUDA_DSA` to enable device-side assertions.

[rank1]:[E1003 16:36:57.393997606 ProcessGroupNCCL.cpp:1895] [PG ID 0 PG GUID 0(default_pg) Rank 1] Process group watchdog thread terminated with exception: CUDA error: an illegal memory access was encountered
CUDA kernel errors might be asynchronously reported at some other API call, so the stacktrace below might be incorrect.
For debugging consider passing CUDA_LAUNCH_BLOCKING=1
Compile with `TORCH_USE_CUDA_DSA` to enable device-side assertions.

Exception raised from c10_cuda_check_implementation at /pytorch/c10/cuda/CUDAException.cpp:43 (most recent call first):
frame #0: c10::Error::Error(c10::SourceLocation, std::string) + 0x96 (0x7a1142b6c1b6 in /home/rogerlee/flux/.pixi/envs/default/lib/python3.11/site-packages/torch/lib/libc10.so)
frame #1: c10::detail::torchCheckFail(char const*, char const*, unsigned int, std::string const&) + 0x64 (0x7a1142b15a76 in /home/rogerlee/flux/.pixi/envs/default/lib/python3.11/site-packages/torch/lib/libc10.so)
frame #2: c10::cuda::c10_cuda_check_implementation(int, char const*, char const*, int, bool) + 0x118 (0x7a1142fa3918 in /home/rogerlee/flux/.pixi/envs/default/lib/python3.11/site-packages/torch/lib/libc10_cuda.so)
frame #3: c10d::ProcessGroupNCCL::WorkNCCL::finishedGPUExecutionInternal() const + 0x56 (0x7a10f0ff1556 in /home/rogerlee/flux/.pixi/envs/default/lib/python3.11/site-packages/torch/lib/libtorch_cuda.so)
frame #4: c10d::ProcessGroupNCCL::WorkNCCL::isCompleted() + 0xa0 (0x7a10f0ffe8c0 in /home/rogerlee/flux/.pixi/envs/default/lib/python3.11/site-packages/torch/lib/libtorch_cuda.so)
frame #5: c10d::ProcessGroupNCCL::watchdogHandler() + 0x617 (0x7a10f1000557 in /home/rogerlee/flux/.pixi/envs/default/lib/python3.11/site-packages/torch/lib/libtorch_cuda.so)
frame #6: c10d::ProcessGroupNCCL::ncclCommWatchdog() + 0x14d (0x7a10f10016ed in /home/rogerlee/flux/.pixi/envs/default/lib/python3.11/site-packages/torch/lib/libtorch_cuda.so)
frame #7: <unknown function> + 0x145c0 (0x7a11432cf5c0 in /home/rogerlee/flux/.pixi/envs/default/lib/python3.11/site-packages/torch/lib/libtorch.so)
frame #8: <unknown function> + 0x9cb84 (0x7a1143c9cb84 in /lib/x86_64-linux-gnu/libc.so.6)
frame #9: <unknown function> + 0x129ecc (0x7a1143d29ecc in /lib/x86_64-linux-gnu/libc.so.6)

terminate called after throwing an instance of 'c10::DistBackendError'
  what():  [PG ID 0 PG GUID 0(default_pg) Rank 1] Process group watchdog thread terminated with exception: CUDA error: an illegal memory access was encountered
CUDA kernel errors might be asynchronously reported at some other API call, so the stacktrace below might be incorrect.
For debugging consider passing CUDA_LAUNCH_BLOCKING=1
Compile with `TORCH_USE_CUDA_DSA` to enable device-side assertions.

Exception raised from c10_cuda_check_implementation at /pytorch/c10/cuda/CUDAException.cpp:43 (most recent call first):
frame #0: c10::Error::Error(c10::SourceLocation, std::string) + 0x96 (0x7a1142b6c1b6 in /home/rogerlee/flux/.pixi/envs/default/lib/python3.11/site-packages/torch/lib/libc10.so)
frame #1: c10::detail::torchCheckFail(char const*, char const*, unsigned int, std::string const&) + 0x64 (0x7a1142b15a76 in /home/rogerlee/flux/.pixi/envs/default/lib/python3.11/site-packages/torch/lib/libc10.so)
frame #2: c10::cuda::c10_cuda_check_implementation(int, char const*, char const*, int, bool) + 0x118 (0x7a1142fa3918 in /home/rogerlee/flux/.pixi/envs/default/lib/python3.11/site-packages/torch/lib/libc10_cuda.so)
frame #3: c10d::ProcessGroupNCCL::WorkNCCL::finishedGPUExecutionInternal() const + 0x56 (0x7a10f0ff1556 in /home/rogerlee/flux/.pixi/envs/default/lib/python3.11/site-packages/torch/lib/libtorch_cuda.so)
frame #4: c10d::ProcessGroupNCCL::WorkNCCL::isCompleted() + 0xa0 (0x7a10f0ffe8c0 in /home/rogerlee/flux/.pixi/envs/default/lib/python3.11/site-packages/torch/lib/libtorch_cuda.so)
frame #5: c10d::ProcessGroupNCCL::watchdogHandler() + 0x617 (0x7a10f1000557 in /home/rogerlee/flux/.pixi/envs/default/lib/python3.11/site-packages/torch/lib/libtorch_cuda.so)
frame #6: c10d::ProcessGroupNCCL::ncclCommWatchdog() + 0x14d (0x7a10f10016ed in /home/rogerlee/flux/.pixi/envs/default/lib/python3.11/site-packages/torch/lib/libtorch_cuda.so)
frame #7: <unknown function> + 0x145c0 (0x7a11432cf5c0 in /home/rogerlee/flux/.pixi/envs/default/lib/python3.11/site-packages/torch/lib/libtorch.so)
frame #8: <unknown function> + 0x9cb84 (0x7a1143c9cb84 in /lib/x86_64-linux-gnu/libc.so.6)
frame #9: <unknown function> + 0x129ecc (0x7a1143d29ecc in /lib/x86_64-linux-gnu/libc.so.6)

Exception raised from ncclCommWatchdog at /pytorch/torch/csrc/distributed/c10d/ProcessGroupNCCL.cpp:1901 (most recent call first):
frame #0: c10::Error::Error(c10::SourceLocation, std::string) + 0x96 (0x7a1142b6c1b6 in /home/rogerlee/flux/.pixi/envs/default/lib/python3.11/site-packages/torch/lib/libc10.so)
frame #1: <unknown function> + 0xe5c6fc (0x7a10f0c5c6fc in /home/rogerlee/flux/.pixi/envs/default/lib/python3.11/site-packages/torch/lib/libtorch_cuda.so)
frame #2: <unknown function> + 0x145c0 (0x7a11432cf5c0 in /home/rogerlee/flux/.pixi/envs/default/lib/python3.11/site-packages/torch/lib/libtorch.so)
frame #3: <unknown function> + 0x9cb84 (0x7a1143c9cb84 in /lib/x86_64-linux-gnu/libc.so.6)
frame #4: <unknown function> + 0x129ecc (0x7a1143d29ecc in /lib/x86_64-linux-gnu/libc.so.6)

[rank0]: Traceback (most recent call last):
[rank0]:   File "/home/rogerlee/flux/test/python/gemm_rs/test_gemm_rs.py", line 530, in <module>
[rank0]:     perf_res_flux = perf_flux(
[rank0]:                     ^^^^^^^^^^
[rank0]:   File "/home/rogerlee/flux/.pixi/envs/default/lib/python3.11/site-packages/torch/utils/_contextlib.py", line 116, in decorate_context
[rank0]:     return func(*args, **kwargs)
[rank0]:            ^^^^^^^^^^^^^^^^^^^^^
[rank0]:   File "/home/rogerlee/flux/test/python/gemm_rs/test_gemm_rs.py", line 254, in perf_flux
[rank0]:     torch.cuda.current_stream().synchronize()
[rank0]:   File "/home/rogerlee/flux/.pixi/envs/default/lib/python3.11/site-packages/torch/cuda/streams.py", line 99, in synchronize
[rank0]:     super().synchronize()
[rank0]: RuntimeError: CUDA error: an illegal memory access was encountered
[rank0]: CUDA kernel errors might be asynchronously reported at some other API call, so the stacktrace below might be incorrect.
[rank0]: For debugging consider passing CUDA_LAUNCH_BLOCKING=1
[rank0]: Compile with `TORCH_USE_CUDA_DSA` to enable device-side assertions.

[rank0]:[E1003 16:36:57.400959948 ProcessGroupNCCL.cpp:1895] [PG ID 0 PG GUID 0(default_pg) Rank 0] Process group watchdog thread terminated with exception: CUDA error: an illegal memory access was encountered
CUDA kernel errors might be asynchronously reported at some other API call, so the stacktrace below might be incorrect.
For debugging consider passing CUDA_LAUNCH_BLOCKING=1
Compile with `TORCH_USE_CUDA_DSA` to enable device-side assertions.

Exception raised from c10_cuda_check_implementation at /pytorch/c10/cuda/CUDAException.cpp:43 (most recent call first):
frame #0: c10::Error::Error(c10::SourceLocation, std::string) + 0x96 (0x77a6ded6c1b6 in /home/rogerlee/flux/.pixi/envs/default/lib/python3.11/site-packages/torch/lib/libc10.so)
frame #1: c10::detail::torchCheckFail(char const*, char const*, unsigned int, std::string const&) + 0x64 (0x77a6ded15a76 in /home/rogerlee/flux/.pixi/envs/default/lib/python3.11/site-packages/torch/lib/libc10.so)
frame #2: c10::cuda::c10_cuda_check_implementation(int, char const*, char const*, int, bool) + 0x118 (0x77a6df1a3918 in /home/rogerlee/flux/.pixi/envs/default/lib/python3.11/site-packages/torch/lib/libc10_cuda.so)
frame #3: c10d::ProcessGroupNCCL::WorkNCCL::finishedGPUExecutionInternal() const + 0x56 (0x77a68d1f1556 in /home/rogerlee/flux/.pixi/envs/default/lib/python3.11/site-packages/torch/lib/libtorch_cuda.so)
frame #4: c10d::ProcessGroupNCCL::WorkNCCL::isCompleted() + 0xa0 (0x77a68d1fe8c0 in /home/rogerlee/flux/.pixi/envs/default/lib/python3.11/site-packages/torch/lib/libtorch_cuda.so)
frame #5: c10d::ProcessGroupNCCL::watchdogHandler() + 0x617 (0x77a68d200557 in /home/rogerlee/flux/.pixi/envs/default/lib/python3.11/site-packages/torch/lib/libtorch_cuda.so)
frame #6: c10d::ProcessGroupNCCL::ncclCommWatchdog() + 0x14d (0x77a68d2016ed in /home/rogerlee/flux/.pixi/envs/default/lib/python3.11/site-packages/torch/lib/libtorch_cuda.so)
frame #7: <unknown function> + 0x145c0 (0x77a6df4f25c0 in /home/rogerlee/flux/.pixi/envs/default/lib/python3.11/site-packages/torch/lib/libtorch.so)
frame #8: <unknown function> + 0x9cb84 (0x77a6dfe9cb84 in /lib/x86_64-linux-gnu/libc.so.6)
frame #9: <unknown function> + 0x129ecc (0x77a6dff29ecc in /lib/x86_64-linux-gnu/libc.so.6)

terminate called after throwing an instance of 'c10::DistBackendError'
  what():  [PG ID 0 PG GUID 0(default_pg) Rank 0] Process group watchdog thread terminated with exception: CUDA error: an illegal memory access was encountered
CUDA kernel errors might be asynchronously reported at some other API call, so the stacktrace below might be incorrect.
For debugging consider passing CUDA_LAUNCH_BLOCKING=1
Compile with `TORCH_USE_CUDA_DSA` to enable device-side assertions.

Exception raised from c10_cuda_check_implementation at /pytorch/c10/cuda/CUDAException.cpp:43 (most recent call first):
frame #0: c10::Error::Error(c10::SourceLocation, std::string) + 0x96 (0x77a6ded6c1b6 in /home/rogerlee/flux/.pixi/envs/default/lib/python3.11/site-packages/torch/lib/libc10.so)
frame #1: c10::detail::torchCheckFail(char const*, char const*, unsigned int, std::string const&) + 0x64 (0x77a6ded15a76 in /home/rogerlee/flux/.pixi/envs/default/lib/python3.11/site-packages/torch/lib/libc10.so)
frame #2: c10::cuda::c10_cuda_check_implementation(int, char const*, char const*, int, bool) + 0x118 (0x77a6df1a3918 in /home/rogerlee/flux/.pixi/envs/default/lib/python3.11/site-packages/torch/lib/libc10_cuda.so)
frame #3: c10d::ProcessGroupNCCL::WorkNCCL::finishedGPUExecutionInternal() const + 0x56 (0x77a68d1f1556 in /home/rogerlee/flux/.pixi/envs/default/lib/python3.11/site-packages/torch/lib/libtorch_cuda.so)
frame #4: c10d::ProcessGroupNCCL::WorkNCCL::isCompleted() + 0xa0 (0x77a68d1fe8c0 in /home/rogerlee/flux/.pixi/envs/default/lib/python3.11/site-packages/torch/lib/libtorch_cuda.so)
frame #5: c10d::ProcessGroupNCCL::watchdogHandler() + 0x617 (0x77a68d200557 in /home/rogerlee/flux/.pixi/envs/default/lib/python3.11/site-packages/torch/lib/libtorch_cuda.so)
frame #6: c10d::ProcessGroupNCCL::ncclCommWatchdog() + 0x14d (0x77a68d2016ed in /home/rogerlee/flux/.pixi/envs/default/lib/python3.11/site-packages/torch/lib/libtorch_cuda.so)
frame #7: <unknown function> + 0x145c0 (0x77a6df4f25c0 in /home/rogerlee/flux/.pixi/envs/default/lib/python3.11/site-packages/torch/lib/libtorch.so)
frame #8: <unknown function> + 0x9cb84 (0x77a6dfe9cb84 in /lib/x86_64-linux-gnu/libc.so.6)
frame #9: <unknown function> + 0x129ecc (0x77a6dff29ecc in /lib/x86_64-linux-gnu/libc.so.6)

Exception raised from ncclCommWatchdog at /pytorch/torch/csrc/distributed/c10d/ProcessGroupNCCL.cpp:1901 (most recent call first):
frame #0: c10::Error::Error(c10::SourceLocation, std::string) + 0x96 (0x77a6ded6c1b6 in /home/rogerlee/flux/.pixi/envs/default/lib/python3.11/site-packages/torch/lib/libc10.so)
frame #1: <unknown function> + 0xe5c6fc (0x77a68ce5c6fc in /home/rogerlee/flux/.pixi/envs/default/lib/python3.11/site-packages/torch/lib/libtorch_cuda.so)
frame #2: <unknown function> + 0x145c0 (0x77a6df4f25c0 in /home/rogerlee/flux/.pixi/envs/default/lib/python3.11/site-packages/torch/lib/libtorch.so)
frame #3: <unknown function> + 0x9cb84 (0x77a6dfe9cb84 in /lib/x86_64-linux-gnu/libc.so.6)
frame #4: <unknown function> + 0x129ecc (0x77a6dff29ecc in /lib/x86_64-linux-gnu/libc.so.6)

[rank3]: Traceback (most recent call last):
[rank3]:   File "/home/rogerlee/flux/test/python/gemm_rs/test_gemm_rs.py", line 530, in <module>
[rank3]:     perf_res_flux = perf_flux(
[rank3]:                     ^^^^^^^^^^
[rank3]:   File "/home/rogerlee/flux/.pixi/envs/default/lib/python3.11/site-packages/torch/utils/_contextlib.py", line 116, in decorate_context
[rank3]:     return func(*args, **kwargs)
[rank3]:            ^^^^^^^^^^^^^^^^^^^^^
[rank3]:   File "/home/rogerlee/flux/test/python/gemm_rs/test_gemm_rs.py", line 254, in perf_flux
[rank3]:     torch.cuda.current_stream().synchronize()
[rank3]:   File "/home/rogerlee/flux/.pixi/envs/default/lib/python3.11/site-packages/torch/cuda/streams.py", line 99, in synchronize
[rank3]:     super().synchronize()
[rank3]: RuntimeError: CUDA error: an illegal memory access was encountered
[rank3]: CUDA kernel errors might be asynchronously reported at some other API call, so the stacktrace below might be incorrect.
[rank3]: For debugging consider passing CUDA_LAUNCH_BLOCKING=1
[rank3]: Compile with `TORCH_USE_CUDA_DSA` to enable device-side assertions.

[rank3]:[E1003 16:36:57.408242003 ProcessGroupNCCL.cpp:1895] [PG ID 0 PG GUID 0(default_pg) Rank 3] Process group watchdog thread terminated with exception: CUDA error: an illegal memory access was encountered
CUDA kernel errors might be asynchronously reported at some other API call, so the stacktrace below might be incorrect.
For debugging consider passing CUDA_LAUNCH_BLOCKING=1
Compile with `TORCH_USE_CUDA_DSA` to enable device-side assertions.

Exception raised from c10_cuda_check_implementation at /pytorch/c10/cuda/CUDAException.cpp:43 (most recent call first):
frame #0: c10::Error::Error(c10::SourceLocation, std::string) + 0x96 (0x78159576c1b6 in /home/rogerlee/flux/.pixi/envs/default/lib/python3.11/site-packages/torch/lib/libc10.so)
frame #1: c10::detail::torchCheckFail(char const*, char const*, unsigned int, std::string const&) + 0x64 (0x781595715a76 in /home/rogerlee/flux/.pixi/envs/default/lib/python3.11/site-packages/torch/lib/libc10.so)
frame #2: c10::cuda::c10_cuda_check_implementation(int, char const*, char const*, int, bool) + 0x118 (0x781595b69918 in /home/rogerlee/flux/.pixi/envs/default/lib/python3.11/site-packages/torch/lib/libc10_cuda.so)
frame #3: c10d::ProcessGroupNCCL::WorkNCCL::finishedGPUExecutionInternal() const + 0x56 (0x7815437f1556 in /home/rogerlee/flux/.pixi/envs/default/lib/python3.11/site-packages/torch/lib/libtorch_cuda.so)
frame #4: c10d::ProcessGroupNCCL::WorkNCCL::isCompleted() + 0xa0 (0x7815437fe8c0 in /home/rogerlee/flux/.pixi/envs/default/lib/python3.11/site-packages/torch/lib/libtorch_cuda.so)
frame #5: c10d::ProcessGroupNCCL::watchdogHandler() + 0x617 (0x781543800557 in /home/rogerlee/flux/.pixi/envs/default/lib/python3.11/site-packages/torch/lib/libtorch_cuda.so)
frame #6: c10d::ProcessGroupNCCL::ncclCommWatchdog() + 0x14d (0x7815438016ed in /home/rogerlee/flux/.pixi/envs/default/lib/python3.11/site-packages/torch/lib/libtorch_cuda.so)
frame #7: <unknown function> + 0x145c0 (0x781595be65c0 in /home/rogerlee/flux/.pixi/envs/default/lib/python3.11/site-packages/torch/lib/libtorch.so)
frame #8: <unknown function> + 0x9cb84 (0x78159669cb84 in /lib/x86_64-linux-gnu/libc.so.6)
frame #9: <unknown function> + 0x129ecc (0x781596729ecc in /lib/x86_64-linux-gnu/libc.so.6)

terminate called after throwing an instance of 'c10::DistBackendError'
  what():  [PG ID 0 PG GUID 0(default_pg) Rank 3] Process group watchdog thread terminated with exception: CUDA error: an illegal memory access was encountered
CUDA kernel errors might be asynchronously reported at some other API call, so the stacktrace below might be incorrect.
For debugging consider passing CUDA_LAUNCH_BLOCKING=1
Compile with `TORCH_USE_CUDA_DSA` to enable device-side assertions.

Exception raised from c10_cuda_check_implementation at /pytorch/c10/cuda/CUDAException.cpp:43 (most recent call first):
frame #0: c10::Error::Error(c10::SourceLocation, std::string) + 0x96 (0x78159576c1b6 in /home/rogerlee/flux/.pixi/envs/default/lib/python3.11/site-packages/torch/lib/libc10.so)
frame #1: c10::detail::torchCheckFail(char const*, char const*, unsigned int, std::string const&) + 0x64 (0x781595715a76 in /home/rogerlee/flux/.pixi/envs/default/lib/python3.11/site-packages/torch/lib/libc10.so)
frame #2: c10::cuda::c10_cuda_check_implementation(int, char const*, char const*, int, bool) + 0x118 (0x781595b69918 in /home/rogerlee/flux/.pixi/envs/default/lib/python3.11/site-packages/torch/lib/libc10_cuda.so)
frame #3: c10d::ProcessGroupNCCL::WorkNCCL::finishedGPUExecutionInternal() const + 0x56 (0x7815437f1556 in /home/rogerlee/flux/.pixi/envs/default/lib/python3.11/site-packages/torch/lib/libtorch_cuda.so)
frame #4: c10d::ProcessGroupNCCL::WorkNCCL::isCompleted() + 0xa0 (0x7815437fe8c0 in /home/rogerlee/flux/.pixi/envs/default/lib/python3.11/site-packages/torch/lib/libtorch_cuda.so)
frame #5: c10d::ProcessGroupNCCL::watchdogHandler() + 0x617 (0x781543800557 in /home/rogerlee/flux/.pixi/envs/default/lib/python3.11/site-packages/torch/lib/libtorch_cuda.so)
frame #6: c10d::ProcessGroupNCCL::ncclCommWatchdog() + 0x14d (0x7815438016ed in /home/rogerlee/flux/.pixi/envs/default/lib/python3.11/site-packages/torch/lib/libtorch_cuda.so)
frame #7: <unknown function> + 0x145c0 (0x781595be65c0 in /home/rogerlee/flux/.pixi/envs/default/lib/python3.11/site-packages/torch/lib/libtorch.so)
frame #8: <unknown function> + 0x9cb84 (0x78159669cb84 in /lib/x86_64-linux-gnu/libc.so.6)
frame #9: <unknown function> + 0x129ecc (0x781596729ecc in /lib/x86_64-linux-gnu/libc.so.6)

Exception raised from ncclCommWatchdog at /pytorch/torch/csrc/distributed/c10d/ProcessGroupNCCL.cpp:1901 (most recent call first):
frame #0: c10::Error::Error(c10::SourceLocation, std::string) + 0x96 (0x78159576c1b6 in /home/rogerlee/flux/.pixi/envs/default/lib/python3.11/site-packages/torch/lib/libc10.so)
frame #1: <unknown function> + 0xe5c6fc (0x78154345c6fc in /home/rogerlee/flux/.pixi/envs/default/lib/python3.11/site-packages/torch/lib/libtorch_cuda.so)
frame #2: <unknown function> + 0x145c0 (0x781595be65c0 in /home/rogerlee/flux/.pixi/envs/default/lib/python3.11/site-packages/torch/lib/libtorch.so)
frame #3: <unknown function> + 0x9cb84 (0x78159669cb84 in /lib/x86_64-linux-gnu/libc.so.6)
frame #4: <unknown function> + 0x129ecc (0x781596729ecc in /lib/x86_64-linux-gnu/libc.so.6)

W1003 16:36:58.802000 867172 .pixi/envs/default/lib/python3.11/site-packages/torch/distributed/elastic/multiprocessing/api.py:897] Sending process 867328 closing signal SIGTERM
W1003 16:36:58.803000 867172 .pixi/envs/default/lib/python3.11/site-packages/torch/distributed/elastic/multiprocessing/api.py:897] Sending process 867329 closing signal SIGTERM
W1003 16:36:58.803000 867172 .pixi/envs/default/lib/python3.11/site-packages/torch/distributed/elastic/multiprocessing/api.py:897] Sending process 867331 closing signal SIGTERM
E1003 16:37:01.885000 867172 .pixi/envs/default/lib/python3.11/site-packages/torch/distributed/elastic/multiprocessing/api.py:869] failed (exitcode: -6) local_rank: 2 (pid: 867330) of binary: /home/rogerlee/flux/.pixi/envs/default/bin/python
Traceback (most recent call last):
  File "<frozen runpy>", line 198, in _run_module_as_main
  File "<frozen runpy>", line 88, in _run_code
  File "/home/rogerlee/flux/.pixi/envs/default/lib/python3.11/site-packages/torch/distributed/run.py", line 922, in <module>
    main()
  File "/home/rogerlee/flux/.pixi/envs/default/lib/python3.11/site-packages/torch/distributed/elastic/multiprocessing/errors/__init__.py", line 355, in wrapper
    return f(*args, **kwargs)
           ^^^^^^^^^^^^^^^^^^
  File "/home/rogerlee/flux/.pixi/envs/default/lib/python3.11/site-packages/torch/distributed/run.py", line 918, in main
    run(args)
  File "/home/rogerlee/flux/.pixi/envs/default/lib/python3.11/site-packages/torch/distributed/run.py", line 909, in run
    elastic_launch(
  File "/home/rogerlee/flux/.pixi/envs/default/lib/python3.11/site-packages/torch/distributed/launcher/api.py", line 138, in __call__
    return launch_agent(self._config, self._entrypoint, list(args))
           ^^^^^^^^^^^^^^^^^^^^^^^^^^^^^^^^^^^^^^^^^^^^^^^^^^^^^^^^
  File "/home/rogerlee/flux/.pixi/envs/default/lib/python3.11/site-packages/torch/distributed/launcher/api.py", line 269, in launch_agent
    raise ChildFailedError(
torch.distributed.elastic.multiprocessing.errors.ChildFailedError: 
=======================================================
test/python/gemm_rs/test_gemm_rs.py FAILED
-------------------------------------------------------
Failures:
  <NO_OTHER_FAILURES>
-------------------------------------------------------
Root Cause (first observed failure):
[0]:
  time      : 2026-10-03_16:36:58
  host      : css-host-158
  rank      : 2 (local_rank: 2)
  exitcode  : -6 (pid: 867330)
  error_file: <N/A>
  traceback : Signal 6 (SIGABRT) received by PID 867330
=======================================================
[exclusive_guard_v2 css-host-158] CLEAN (foreign GPU 0, CPU 0, root 0; self warnings 0) log=/home/rogerlee/flux/ws/fusion-dispatch/results/e4_flux_smoke/rs_ppn4_rail1/guard_node0.log
