
*****************************************
Setting OMP_NUM_THREADS environment variable for each process to be 1 in default, to avoid your system being overloaded, please further tune the variable for optimal performance in your application as needed. 
*****************************************
[anchor] all_gather      world=16      1 MiB  median    0.440 ms  busbw    2.23 GB/s
[anchor] all_gather      world=16      4 MiB  median    0.352 ms  busbw   11.16 GB/s
[anchor] all_gather      world=16     16 MiB  median    1.147 ms  busbw   13.71 GB/s
[anchor] all_gather      world=16     64 MiB  median    4.542 ms  busbw   13.85 GB/s
[anchor] all_gather      world=16    256 MiB  median   20.951 ms  busbw   12.01 GB/s
[anchor] all_gather      world=16   1024 MiB  median  100.152 ms  busbw   10.05 GB/s
[anchor] reduce_scatter  world=16      1 MiB  median    0.246 ms  busbw    3.99 GB/s
[anchor] reduce_scatter  world=16      4 MiB  median    0.233 ms  busbw   16.84 GB/s
[anchor] reduce_scatter  world=16     16 MiB  median    1.111 ms  busbw   14.16 GB/s
[anchor] reduce_scatter  world=16     64 MiB  median    4.322 ms  busbw   14.56 GB/s
[anchor] reduce_scatter  world=16    256 MiB  median   19.580 ms  busbw   12.85 GB/s
[anchor] reduce_scatter  world=16   1024 MiB  median  102.486 ms  busbw    9.82 GB/s
[anchor] all_reduce      world=16      1 MiB  median    0.152 ms  busbw   12.97 GB/s
[anchor] all_reduce      world=16      4 MiB  median    0.285 ms  busbw   27.58 GB/s
[anchor] all_reduce      world=16     16 MiB  median    1.187 ms  busbw   26.51 GB/s
[anchor] all_reduce      world=16     64 MiB  median    5.422 ms  busbw   23.21 GB/s
[anchor] all_reduce      world=16    256 MiB  median   22.542 ms  busbw   22.33 GB/s
[anchor] all_reduce      world=16   1024 MiB  median   93.678 ms  busbw   21.49 GB/s
[anchor] host css-host-158 wrote ws/fusion-dispatch/results/e4_anchor_nccl/tc106_ppn8/nccl_anchor_w16.csv
[exclusive_guard_v2 css-host-158] CLEAN (foreign GPU 0, CPU 0, root 0; self warnings 0) log=/home/rogerlee/flux/ws/fusion-dispatch/results/e4_anchor_nccl/tc106_ppn8/guard_node0.log
