[dbg rank 0 css-host-158 15:55:29] start
[dbg rank 0 css-host-158 15:55:29] init_process_group done
[dbg rank 0 css-host-158 15:55:29] device 0
[dbg rank 0 css-host-158 15:55:29] tensor
css-host-158:855686:855686 [0] NCCL INFO NCCL_SOCKET_IFNAME set by environment to enp29s0f0np0
css-host-158:855686:855686 [0] NCCL INFO Bootstrap : Using enp29s0f0np0:10.10.1.158<0>
css-host-158:855686:855686 [0] NCCL INFO NET/Plugin: No plugin found (libnccl-net.so)
css-host-158:855686:855686 [0] NCCL INFO NET/Plugin: Plugin load returned 2 : libnccl-net.so: cannot open shared object file: No such file or directory : when loading libnccl-net.so
css-host-158:855686:855686 [0] NCCL INFO NET/Plugin: Using internal network plugin.
css-host-158:855686:855686 [0] NCCL INFO cudaDriverVersion 13040
NCCL version 2.21.5+cuda12.4
css-host-158:855686:855686 [0] NCCL INFO Comm config Blocking set to 1
css-host-158:855686:855827 [0] NCCL INFO NCCL_SOCKET_IFNAME set by environment to enp29s0f0np0
css-host-158:855686:855827 [0] NCCL INFO NCCL_IB_HCA set to =mlx5_0,mlx5_1,mlx5_2,mlx5_4,mlx5_5,mlx5_6,mlx5_7
css-host-158:855686:855827 [0] NCCL INFO NET/IB : Using [0]={[0] mlx5_0:1/RoCE, [1] mlx5_1:1/RoCE} [2]mlx5_2:1/RoCE [2]={[3] mlx5_4:1/RoCE, [4] mlx5_5:1/RoCE} [3]={[5] mlx5_6:1/RoCE, [6] mlx5_7:1/RoCE} [RO]; OOB enp29s0f0np0:10.10.1.158<0>
css-host-158:855686:855827 [0] NCCL INFO Using non-device net plugin version 0
css-host-158:855686:855827 [0] NCCL INFO Using network IB
css-host-158:855686:855827 [0] NCCL INFO DMA-BUF is available on GPU device 0
css-host-158:855686:855827 [0] NCCL INFO ncclCommInitRank comm 0x64adb8db0d40 rank 0 nranks 2 cudaDev 0 nvmlDev 0 busId 10000 commId 0xf4e7a847ded3033d - Init START
css-host-158:855686:855827 [0] NCCL INFO Setting affinity for GPU 0 to ffffffff,00000000,ffffffff
css-host-158:855686:855827 [0] NCCL INFO comm 0x64adb8db0d40 rank 0 nRanks 2 nNodes 2 localRanks 1 localRank 0 MNNVL 0
css-host-158:855686:855827 [0] NCCL INFO Channel 00/02 :    0   1
css-host-158:855686:855827 [0] NCCL INFO Channel 01/02 :    0   1
css-host-158:855686:855827 [0] NCCL INFO Trees [0] 1/-1/-1->0->-1 [1] -1/-1/-1->0->1
css-host-158:855686:855827 [0] NCCL INFO P2P Chunksize set to 131072
css-host-158:855686:855827 [0] NCCL INFO Channel 00/0 : 1[0] -> 0[0] [receive] via NET/IB/0/GDRDMA
css-host-158:855686:855827 [0] NCCL INFO Channel 01/0 : 1[0] -> 0[0] [receive] via NET/IB/0/GDRDMA
css-host-158:855686:855827 [0] NCCL INFO Channel 00/0 : 0[0] -> 1[0] [send] via NET/IB/0/GDRDMA
css-host-158:855686:855827 [0] NCCL INFO Channel 01/0 : 0[0] -> 1[0] [send] via NET/IB/0/GDRDMA
css-host-158:855686:855835 [0] NCCL INFO NCCL_IB_GID_INDEX set by environment to 3.
css-host-158:855686:855835 [0] NCCL INFO NCCL_IB_TIMEOUT set by environment to 23.
css-host-158:855686:855827 [0] NCCL INFO Connected all rings
css-host-158:855686:855827 [0] NCCL INFO Connected all trees
css-host-158:855686:855827 [0] NCCL INFO NCCL_PROTO set by environment to LL
css-host-158:855686:855827 [0] NCCL INFO threadThresholds 8/8/64 | 16/8/64 | 512 | 512
css-host-158:855686:855827 [0] NCCL INFO 2 coll channels, 2 collnet channels, 0 nvls channels, 2 p2p channels, 2 p2p channels per peer
css-host-158:855686:855827 [0] NCCL INFO TUNER/Plugin: Plugin load returned 2 : libnccl-net.so: cannot open shared object file: No such file or directory : when loading libnccl-tuner.so
css-host-158:855686:855827 [0] NCCL INFO TUNER/Plugin: Using internal tuner plugin.
css-host-158:855686:855827 [0] NCCL INFO ncclCommInitRank comm 0x64adb8db0d40 rank 0 nranks 2 cudaDev 0 nvmlDev 0 busId 10000 commId 0xf4e7a847ded3033d - Init COMPLETE
[dbg rank 0 css-host-158 15:55:30] all_reduce launched
[dbg rank 0 css-host-158 15:55:30] all_reduce done value 2.0
[dbg rank 0 css-host-158 15:55:30] barrier done
css-host-158:855686:855686 [0] NCCL INFO comm 0x64adb8db0d40 rank 0 nranks 2 cudaDev 0 busId 10000 - Destroy COMPLETE
[dbg rank 0 css-host-158 15:55:30] end
[exclusive_guard_v2 css-host-158] CLEAN (foreign GPU 0, CPU 0, root 0; self warnings 0) log=/home/rogerlee/flux/ws/fusion-dispatch/results/e4_debug/min4_ll/guard_node0.log
