2026-10-03 15:33:16Z [css-host-159] START guard=v2 uid=1001045 cmd=timeout --signal=TERM --kill-after=30 300 /home/rogerlee/flux/.pixi/envs/default/bin/python -m torch.distributed.run --nnodes=2 --node_rank=1 --nproc_per_node=1 --master_addr=10.10.1.158 --master_port=29531 ws/fusion-dispatch/scripts/xnode_nccl_anchor_v1.py --out ws/fusion-dispatch/results/e4_anchor_nccl/w2_debug --iters 10 --sizes_mib 1,64,256
2026-10-03 15:33:17Z [css-host-159] PREFLIGHT gpu_procs=[] foreign_cpu=[] foreign_root=[] self_cpu=[] other_users_logged_in=[]
2026-10-03 15:33:19Z [css-host-159] SELF_CPU (warning) [(352910, 'rogerlee', 'node', 157.1)]
2026-10-03 15:33:27Z [css-host-159] SELF_CPU (warning) [(353084, 'rogerlee', 'node', 186.4)]
2026-10-03 15:33:34Z [css-host-159] SELF_CPU (warning) [(353109, 'rogerlee', 'node', 226.7)]
2026-10-03 15:33:49Z [css-host-159] SELF_CPU (warning) [(353161, 'rogerlee', 'node', 195.9)]
2026-10-03 15:33:56Z [css-host-159] SELF_CPU (warning) [(353185, 'rogerlee', 'node', 231.1)]
2026-10-03 15:34:03Z [css-host-159] SELF_CPU (warning) [(353210, 'rogerlee', 'node', 219.1)]
2026-10-03 15:34:18Z [css-host-159] SELF_CPU (warning) [(353261, 'rogerlee', 'node', 206.2)]
2026-10-03 15:34:25Z [css-host-159] SELF_CPU (warning) [(353287, 'rogerlee', 'node', 229.7)]
2026-10-03 15:34:32Z [css-host-159] SELF_CPU (warning) [(353311, 'rogerlee', 'node', 208.1)]
2026-10-03 15:34:47Z [css-host-159] SELF_CPU (warning) [(353363, 'rogerlee', 'node', 210.0)]
2026-10-03 15:34:54Z [css-host-159] SELF_CPU (warning) [(353390, 'rogerlee', 'node', 223.4)]
2026-10-03 15:35:01Z [css-host-159] SELF_CPU (warning) [(353417, 'rogerlee', 'node', 197.6)]
2026-10-03 15:35:09Z [css-host-159] SELF_CPU (warning) [(353446, 'rogerlee', 'openclaw-gatewa', 180.2)]
2026-10-03 15:35:16Z [css-host-159] SELF_CPU (warning) [(353471, 'rogerlee', 'node', 228.2)]
2026-10-03 15:35:23Z [css-host-159] SELF_CPU (warning) [(353496, 'rogerlee', 'node', 232.2)]
2026-10-03 15:35:38Z [css-host-159] SELF_CPU (warning) [(353548, 'rogerlee', 'node', 193.0)]
2026-10-03 15:35:45Z [css-host-159] SELF_CPU (warning) [(353573, 'rogerlee', 'node', 230.6)]
2026-10-03 15:35:52Z [css-host-159] SELF_CPU (warning) [(353599, 'rogerlee', 'node', 227.6)]
2026-10-03 15:36:07Z [css-host-159] SELF_CPU (warning) [(353652, 'rogerlee', 'node', 182.1)]
2026-10-03 15:36:14Z [css-host-159] SELF_CPU (warning) [(353676, 'rogerlee', 'node', 225.1)]
2026-10-03 15:36:29Z [css-host-159] SELF_CPU (warning) [(353729, 'rogerlee', 'node', 191.3)]
2026-10-03 15:36:36Z [css-host-159] SELF_CPU (warning) [(353754, 'rogerlee', 'node', 233.0)]
2026-10-03 15:36:43Z [css-host-159] SELF_CPU (warning) [(353789, 'rogerlee', 'node', 219.9)]
2026-10-03 15:36:58Z [css-host-159] SELF_CPU (warning) [(353840, 'rogerlee', 'node', 203.5)]
2026-10-03 15:37:05Z [css-host-159] SELF_CPU (warning) [(353866, 'rogerlee', 'node', 235.3)]
2026-10-03 15:37:20Z [css-host-159] SELF_CPU (warning) [(353924, 'rogerlee', 'node', 204.7)]
2026-10-03 15:37:27Z [css-host-159] SELF_CPU (warning) [(353949, 'rogerlee', 'node', 238.7)]
2026-10-03 15:37:34Z [css-host-159] SELF_CPU (warning) [(353974, 'rogerlee', 'node', 195.7)]
2026-10-03 15:37:49Z [css-host-159] SELF_CPU (warning) [(354026, 'rogerlee', 'node', 213.3)]
2026-10-03 15:37:56Z [css-host-159] SELF_CPU (warning) [(354051, 'rogerlee', 'node', 228.7)]
2026-10-03 15:38:03Z [css-host-159] SELF_CPU (warning) [(354076, 'rogerlee', 'node', 194.0)]
2026-10-03 15:38:11Z [css-host-159] SELF_CPU (warning) [(354104, 'rogerlee', 'openclaw-gatewa', 178.6)]
2026-10-03 15:38:18Z [css-host-159] END rc=124 CLEAN foreign_gpu_samples=0 foreign_cpu_samples=0 foreign_root_samples=0 self_cpu_warnings=32 window=None..None users_logged_in_at_end=[]
