css-host-158:849536:849536 [0] NCCL INFO NCCL_SOCKET_IFNAME set to enp29s0f0np0
css-host-158:849536:849536 [0] NCCL INFO Bootstrap : Using enp29s0f0np0:10.10.1.158<0>
css-host-158:849536:849536 [0] NCCL INFO NET/Plugin: No plugin found (libnccl-net.so)
css-host-158:849536:849536 [0] NCCL INFO NET/Plugin: Using internal network plugin.
css-host-158:849536:849536 [0] NCCL INFO cudaDriverVersion 13040
NCCL version 2.21.5+cuda12.4
css-host-158:849536:849676 [0] NCCL INFO NCCL_IB_HCA set to =mlx5_0,mlx5_1,mlx5_2,mlx5_4,mlx5_5,mlx5_6,mlx5_7
css-host-158:849536:849676 [0] NCCL INFO NET/IB : Using [0]={[0] mlx5_0:1/RoCE, [1] mlx5_1:1/RoCE} [2]mlx5_2:1/RoCE [2]={[3] mlx5_4:1/RoCE, [4] mlx5_5:1/RoCE} [3]={[5] mlx5_6:1/RoCE, [6] mlx5_7:1/RoCE} [RO]; OOB enp29s0f0np0:10.10.1.158<0>
css-host-158:849536:849676 [0] NCCL INFO Using non-device net plugin version 0
css-host-158:849536:849676 [0] NCCL INFO Using network IB
css-host-158:849536:849676 [0] NCCL INFO DMA-BUF is available on GPU device 0
css-host-158:849536:849676 [0] NCCL INFO ncclCommInitRank comm 0x60339d0a6050 rank 0 nranks 2 cudaDev 0 nvmlDev 0 busId 10000 commId 0xfb39072d1f6f5391 - Init START
css-host-158:849536:849676 [0] NCCL INFO NET/IB : GPU Direct RDMA Enabled for HCA 0 'mlx5_0+mlx5_1'
css-host-158:849536:849676 [0] NCCL INFO NET/IB : GPU Direct RDMA Enabled for HCA 1 'mlx5_2'
css-host-158:849536:849676 [0] NCCL INFO NET/IB : GPU Direct RDMA Enabled for HCA 2 'mlx5_4+mlx5_5'
css-host-158:849536:849676 [0] NCCL INFO NET/IB : GPU Direct RDMA Enabled for HCA 3 'mlx5_6+mlx5_7'
css-host-158:849536:849676 [0] NCCL INFO GPU Direct RDMA Enabled for GPU 10000 / HCA 0 (distance 4 <= 4), read 0
css-host-158:849536:849676 [0] NCCL INFO GPU Direct RDMA Enabled for GPU 10000 / HCA 0 (distance 4 <= 4), read 0
css-host-158:849536:849676 [0] NCCL INFO Setting affinity for GPU 0 to ffffffff,00000000,ffffffff
css-host-158:849536:849676 [0] NCCL INFO comm 0x60339d0a6050 rank 0 nRanks 2 nNodes 2 localRanks 1 localRank 0 MNNVL 0
css-host-158:849536:849676 [0] NCCL INFO Channel 00/02 :    0   1
css-host-158:849536:849676 [0] NCCL INFO Channel 01/02 :    0   1
css-host-158:849536:849676 [0] NCCL INFO Trees [0] 1/-1/-1->0->-1 [1] -1/-1/-1->0->1
css-host-158:849536:849676 [0] NCCL INFO P2P Chunksize set to 131072
css-host-158:849536:849676 [0] NCCL INFO GPU Direct RDMA Enabled for GPU 10000 / HCA 0 (distance 4 <= 4), read 0
css-host-158:849536:849684 [0] NCCL INFO New proxy recv connection 0 from local rank 0, transport 2
css-host-158:849536:849676 [0] NCCL INFO Connected to proxy localRank 0 -> connection 0x7959f4004f70
css-host-158:849536:849676 [0] NCCL INFO Channel 00/0 : 1[0] -> 0[0] [receive] via NET/IB/0/GDRDMA
css-host-158:849536:849676 [0] NCCL INFO GPU Direct RDMA Enabled for GPU 10000 / HCA 0 (distance 4 <= 4), read 0
css-host-158:849536:849684 [0] NCCL INFO New proxy recv connection 1 from local rank 0, transport 2
css-host-158:849536:849676 [0] NCCL INFO Connected to proxy localRank 0 -> connection 0x7959f4004fe8
css-host-158:849536:849676 [0] NCCL INFO Channel 01/0 : 1[0] -> 0[0] [receive] via NET/IB/0/GDRDMA
css-host-158:849536:849676 [0] NCCL INFO GPU Direct RDMA Enabled for GPU 10000 / HCA 0 (distance 4 <= 4), read 1
css-host-158:849536:849684 [0] NCCL INFO New proxy send connection 2 from local rank 0, transport 2
css-host-158:849536:849676 [0] NCCL INFO Connected to proxy localRank 0 -> connection 0x7959f4005060
css-host-158:849536:849676 [0] NCCL INFO Channel 00/0 : 0[0] -> 1[0] [send] via NET/IB/0/GDRDMA
css-host-158:849536:849676 [0] NCCL INFO GPU Direct RDMA Enabled for GPU 10000 / HCA 0 (distance 4 <= 4), read 1
css-host-158:849536:849684 [0] NCCL INFO New proxy send connection 3 from local rank 0, transport 2
css-host-158:849536:849676 [0] NCCL INFO Connected to proxy localRank 0 -> connection 0x7959f40050d8
css-host-158:849536:849676 [0] NCCL INFO Channel 01/0 : 0[0] -> 1[0] [send] via NET/IB/0/GDRDMA
css-host-158:849536:849684 [0] NCCL INFO NET/IB: NCCL Dev 0 IbDev 0 Port 1 qpn 170 mtu 5 query_ece={supported=1, vendor_id=0x15b3, options=0x30000003, comp_mask=0x0} GID 3 (0/9E010A0AFFFF0000) fifoRkey=0x182ae9 fifoLkey=0x182ae9
css-host-158:849536:849684 [0] NCCL INFO NET/IB: NCCL Dev 0 IbDev 1 Port 1 qpn 426 mtu 5 query_ece={supported=1, vendor_id=0x15b3, options=0x30000003, comp_mask=0x0} GID 3 (0/9E020A0AFFFF0000) fifoRkey=0x1bdddc fifoLkey=0x1bdddc
css-host-158:849536:849684 [0] NCCL INFO NET/IB: NCCL Dev 0 IbDev 0 Port 1 qpn 173 mtu 5 query_ece={supported=1, vendor_id=0x15b3, options=0x30000003, comp_mask=0x0} GID 3 (0/9E010A0AFFFF0000) fifoRkey=0x1827e6 fifoLkey=0x1827e6
css-host-158:849536:849684 [0] NCCL INFO NET/IB: NCCL Dev 0 IbDev 1 Port 1 qpn 429 mtu 5 query_ece={supported=1, vendor_id=0x15b3, options=0x30000003, comp_mask=0x0} GID 3 (0/9E020A0AFFFF0000) fifoRkey=0x1bd5d3 fifoLkey=0x1bd5d3
css-host-158:849536:849684 [0] NCCL INFO NET/IB: IbDev 0 Port 1 qpn 171 set_ece={supported=1, vendor_id=0x15b3, options=0x0, comp_mask=0x0}
css-host-158:849536:849684 [0] NCCL INFO NET/IB: IbDev 1 Port 1 qpn 427 set_ece={supported=1, vendor_id=0x15b3, options=0x0, comp_mask=0x0}
css-host-158:849536:849684 [0] NCCL INFO NET/IB: IbDev 0 Port 1 qpn 174 set_ece={supported=1, vendor_id=0x15b3, options=0x0, comp_mask=0x0}
css-host-158:849536:849684 [0] NCCL INFO NET/IB: IbDev 1 Port 1 qpn 430 set_ece={supported=1, vendor_id=0x15b3, options=0x0, comp_mask=0x0}
css-host-158:849536:849676 [0] NCCL INFO Connected all rings
css-host-158:849536:849676 [0] NCCL INFO Connected all trees
css-host-158:849536:849676 [0] NCCL INFO threadThresholds 8/8/64 | 16/8/64 | 512 | 512
css-host-158:849536:849676 [0] NCCL INFO 2 coll channels, 2 collnet channels, 0 nvls channels, 2 p2p channels, 2 p2p channels per peer
css-host-158:849536:849684 [0] NCCL INFO New proxy send connection 4 from local rank 0, transport 2
css-host-158:849536:849676 [0] NCCL INFO Connected to proxy localRank 0 -> connection 0x7959f4005150
css-host-158:849536:849676 [0] NCCL INFO ncclCommInitRank comm 0x60339d0a6050 rank 0 nranks 2 cudaDev 0 nvmlDev 0 busId 10000 commId 0xfb39072d1f6f5391 - Init COMPLETE
W1003 15:38:17.376000 849405 .pixi/envs/default/lib/python3.11/site-packages/torch/distributed/elastic/agent/server/api.py:719] Received 15 death signal, shutting down workers
W1003 15:38:17.376000 849405 .pixi/envs/default/lib/python3.11/site-packages/torch/distributed/elastic/multiprocessing/api.py:897] Sending process 849536 closing signal SIGTERM
Traceback (most recent call last):
  File "<frozen runpy>", line 198, in _run_module_as_main
  File "<frozen runpy>", line 88, in _run_code
  File "/home/rogerlee/flux/.pixi/envs/default/lib/python3.11/site-packages/torch/distributed/run.py", line 922, in <module>
    main()
  File "/home/rogerlee/flux/.pixi/envs/default/lib/python3.11/site-packages/torch/distributed/elastic/multiprocessing/errors/__init__.py", line 355, in wrapper
    return f(*args, **kwargs)
           ^^^^^^^^^^^^^^^^^^
  File "/home/rogerlee/flux/.pixi/envs/default/lib/python3.11/site-packages/torch/distributed/run.py", line 918, in main
    run(args)
  File "/home/rogerlee/flux/.pixi/envs/default/lib/python3.11/site-packages/torch/distributed/run.py", line 909, in run
    elastic_launch(
  File "/home/rogerlee/flux/.pixi/envs/default/lib/python3.11/site-packages/torch/distributed/launcher/api.py", line 138, in __call__
    return launch_agent(self._config, self._entrypoint, list(args))
           ^^^^^^^^^^^^^^^^^^^^^^^^^^^^^^^^^^^^^^^^^^^^^^^^^^^^^^^^
  File "/home/rogerlee/flux/.pixi/envs/default/lib/python3.11/site-packages/torch/distributed/launcher/api.py", line 260, in launch_agent
    result = agent.run()
             ^^^^^^^^^^^
  File "/home/rogerlee/flux/.pixi/envs/default/lib/python3.11/site-packages/torch/distributed/elastic/metrics/api.py", line 137, in wrapper
    result = f(*args, **kwargs)
             ^^^^^^^^^^^^^^^^^^
  File "/home/rogerlee/flux/.pixi/envs/default/lib/python3.11/site-packages/torch/distributed/elastic/agent/server/api.py", line 711, in run
    result = self._invoke_run(role)
             ^^^^^^^^^^^^^^^^^^^^^^
  File "/home/rogerlee/flux/.pixi/envs/default/lib/python3.11/site-packages/torch/distributed/elastic/agent/server/api.py", line 870, in _invoke_run
    time.sleep(monitor_interval)
  File "/home/rogerlee/flux/.pixi/envs/default/lib/python3.11/site-packages/torch/distributed/elastic/multiprocessing/api.py", line 84, in _terminate_process_handler
    raise SignalException(f"Process {os.getpid()} got signal: {sigval}", sigval=sigval)
torch.distributed.elastic.multiprocessing.api.SignalException: Process 849405 got signal: 15
[exclusive_guard_v2 css-host-158] CLEAN (foreign GPU 0, CPU 0, root 0; self warnings 0) log=/home/rogerlee/flux/ws/fusion-dispatch/results/e4_anchor_nccl/w2_debug/guard_node0.log
