
*****************************************
Setting OMP_NUM_THREADS environment variable for each process to be 1 in default, to avoid your system being overloaded, please further tune the variable for optimal performance in your application as needed. 
*****************************************
[anchor] all_gather      world=8       1 MiB  median    0.287 ms  busbw    3.19 GB/s
[anchor] all_gather      world=8       4 MiB  median    0.443 ms  busbw    8.28 GB/s
[anchor] all_gather      world=8      16 MiB  median    0.990 ms  busbw   14.83 GB/s
[anchor] all_gather      world=8      64 MiB  median   11.449 ms  busbw    5.13 GB/s
[anchor] all_gather      world=8     256 MiB  median   16.310 ms  busbw   14.40 GB/s
[anchor] all_gather      world=8    1024 MiB  median   65.073 ms  busbw   14.44 GB/s
[anchor] reduce_scatter  world=8       1 MiB  median    0.138 ms  busbw    6.64 GB/s
[anchor] reduce_scatter  world=8       4 MiB  median    0.342 ms  busbw   10.73 GB/s
[anchor] reduce_scatter  world=8      16 MiB  median    1.082 ms  busbw   13.57 GB/s
[anchor] reduce_scatter  world=8      64 MiB  median    4.318 ms  busbw   13.60 GB/s
[anchor] reduce_scatter  world=8     256 MiB  median   16.416 ms  busbw   14.31 GB/s
[anchor] reduce_scatter  world=8    1024 MiB  median   64.328 ms  busbw   14.61 GB/s
[anchor] all_reduce      world=8       1 MiB  median    0.190 ms  busbw    9.63 GB/s
[anchor] all_reduce      world=8       4 MiB  median    0.547 ms  busbw   13.42 GB/s
[anchor] all_reduce      world=8      16 MiB  median    2.057 ms  busbw   14.28 GB/s
[anchor] all_reduce      world=8      64 MiB  median    8.316 ms  busbw   14.12 GB/s
[anchor] all_reduce      world=8     256 MiB  median   31.908 ms  busbw   14.72 GB/s
[anchor] all_reduce      world=8    1024 MiB  median  125.966 ms  busbw   14.92 GB/s
[anchor] host css-host-158 wrote ws/fusion-dispatch/results/e4_anchor_nccl/ppn4/nccl_anchor_w8.csv
[exclusive_guard_v2 css-host-158] CLEAN (foreign GPU 0, CPU 0, root 0; self warnings 0) log=/home/rogerlee/flux/ws/fusion-dispatch/results/e4_anchor_nccl/ppn4/guard_node0.log
