torchrun --node_rank=0 --nproc_per_node=8 --nnodes=1 --rdzv_endpoint=127.0.0.1:23456 ws/fusion-dispatch/scripts/ag_latency_v1.py --K 8192 --n_cols 1280 --Ms 8,64 --modes gpu --rounds 30 --warmup 5 --out_dir ws/fusion-dispatch/results/f2_smoke
W0930 06:32:05.103000 863049 site-packages/torch/distributed/run.py:792] 
W0930 06:32:05.103000 863049 site-packages/torch/distributed/run.py:792] *****************************************
W0930 06:32:05.103000 863049 site-packages/torch/distributed/run.py:792] Setting OMP_NUM_THREADS environment variable for each process to be 1 in default, to avoid your system being overloaded, please further tune the variable for optimal performance in your application as needed. 
W0930 06:32:05.103000 863049 site-packages/torch/distributed/run.py:792] *****************************************
/home/rogerlee/flux/src/coll/local_copy_and_reset.cu:232 Check failed: false. unsupported for input_dtype=BF16,scale_dtype=FP32
/home/rogerlee/flux/src/coll/local_copy_and_reset.cu:232 Check failed: false. unsupported for input_dtype=BF16,scale_dtype=FP32
/home/rogerlee/flux/src/coll/local_copy_and_reset.cu:232 Check failed: false. unsupported for input_dtype=BF16,scale_dtype=FP32
/home/rogerlee/flux/src/coll/local_copy_and_reset.cu:232 Check failed: false. unsupported for input_dtype=BF16,scale_dtype=FP32
/home/rogerlee/flux/src/coll/local_copy_and_reset.cu:232 Check failed: false. unsupported for input_dtype=BF16,scale_dtype=FP32
/home/rogerlee/flux/src/coll/local_copy_and_reset.cu:232 Check failed: false. unsupported for input_dtype=BF16,scale_dtype=FP32

/home/rogerlee/flux/src/coll/local_copy_and_reset.cu:232 Check failed: false. unsupported for input_dtype=BF16,scale_dtype=FP32

/home/rogerlee/flux/src/coll/local_copy_and_reset.cu:232 Check failed: false. unsupported for input_dtype=BF16,scale_dtype=FP32






/home/rogerlee/flux/src/coll/local_copy_and_reset.cu:232 Check failed: false. unsupported for input_dtype=BF16,scale_dtype=FP32
/home/rogerlee/flux/src/coll/local_copy_and_reset.cu:232 Check failed: false. unsupported for input_dtype=BF16,scale_dtype=FP32


/home/rogerlee/flux/src/coll/local_copy_and_reset.cu:232 Check failed: false. unsupported for input_dtype=BF16,scale_dtype=FP32
/home/rogerlee/flux/src/coll/local_copy_and_reset.cu:232 Check failed: false. unsupported for input_dtype=BF16,scale_dtype=FP32

/home/rogerlee/flux/src/coll/local_copy_and_reset.cu:232 Check failed: false. unsupported for input_dtype=BF16,scale_dtype=FP32
/home/rogerlee/flux/src/coll/local_copy_and_reset.cu:232 Check failed: false. unsupported for input_dtype=BF16,scale_dtype=FP32

/home/rogerlee/flux/src/coll/local_copy_and_reset.cu:232 Check failed: false. unsupported for input_dtype=BF16,scale_dtype=FP32

/home/rogerlee/flux/src/coll/local_copy_and_reset.cu:232 Check failed: false. unsupported for input_dtype=BF16,scale_dtype=FP32



/home/rogerlee/flux/src/coll/local_copy_and_reset.cu:232 Check failed: false. unsupported for input_dtype=BF16,scale_dtype=FP32
/home/rogerlee/flux/src/coll/local_copy_and_reset.cu:232 Check failed: false. unsupported for input_dtype=BF16,scale_dtype=FP32
/home/rogerlee/flux/src/coll/local_copy_and_reset.cu:232 Check failed: false. unsupported for input_dtype=BF16,scale_dtype=FP32
/home/rogerlee/flux/src/coll/local_copy_and_reset.cu:232 Check failed: false. unsupported for input_dtype=BF16,scale_dtype=FP32
/home/rogerlee/flux/src/coll/local_copy_and_reset.cu:232 Check failed: false. unsupported for input_dtype=BF16,scale_dtype=FP32
/home/rogerlee/flux/src/coll/local_copy_and_reset.cu:232 Check failed: false. unsupported for input_dtype=BF16,scale_dtype=FP32
/home/rogerlee/flux/src/coll/local_copy_and_reset.cu:232 Check failed: false. unsupported for input_dtype=BF16,scale_dtype=FP32

/home/rogerlee/flux/src/coll/local_copy_and_reset.cu:232 Check failed: false. unsupported for input_dtype=BF16,scale_dtype=FP32







[K=8192 M=8] check: {'flux_cclocal': {'ok_all_ranks': False, 'error': '/home/rogerlee/flux/src/coll/local_copy_and_reset.cu:232 Check failed: false. unsupported for input_dtype=BF16,scale_dtype=FP32'}, 'flux_cclocal_fused': {'ok_all_ranks': False, 'error': '/home/rogerlee/flux/src/coll/local_copy_and_reset.cu:232 Check failed: false. unsupported for input_dtype=BF16,scale_dtype=FP32'}, 'A_cclocal_fused': {'ok_all_ranks': False, 'error': '/home/rogerlee/flux/src/coll/local_copy_and_reset.cu:232 Check failed: false. unsupported for input_dtype=BF16,scale_dtype=FP32'}}
[K=8192 M=8 gpu] kept 30  nccl=35.3us  flux_default=110.1us  flux_copied=107.7us  A_default=182.3us  proto_ce_1s=42.4us  proto_ce_7s=51.2us  proto_triton=15.9us
/home/rogerlee/flux/src/coll/local_copy_and_reset.cu:232 Check failed: false. unsupported for input_dtype=BF16,scale_dtype=FP32
/home/rogerlee/flux/src/coll/local_copy_and_reset.cu:232 Check failed: false. unsupported for input_dtype=BF16,scale_dtype=FP32
/home/rogerlee/flux/src/coll/local_copy_and_reset.cu:232 Check failed: false. unsupported for input_dtype=BF16,scale_dtype=FP32
/home/rogerlee/flux/src/coll/local_copy_and_reset.cu:232 Check failed: false. unsupported for input_dtype=BF16,scale_dtype=FP32
/home/rogerlee/flux/src/coll/local_copy_and_reset.cu:232 Check failed: false. unsupported for input_dtype=BF16,scale_dtype=FP32
/home/rogerlee/flux/src/coll/local_copy_and_reset.cu:232 Check failed: false. unsupported for input_dtype=BF16,scale_dtype=FP32






/home/rogerlee/flux/src/coll/local_copy_and_reset.cu:232 Check failed: false. unsupported for input_dtype=BF16,scale_dtype=FP32
/home/rogerlee/flux/src/coll/local_copy_and_reset.cu:232 Check failed: false. unsupported for input_dtype=BF16,scale_dtype=FP32


/home/rogerlee/flux/src/coll/local_copy_and_reset.cu:232 Check failed: false. unsupported for input_dtype=BF16,scale_dtype=FP32
/home/rogerlee/flux/src/coll/local_copy_and_reset.cu:232 Check failed: false. unsupported for input_dtype=BF16,scale_dtype=FP32

/home/rogerlee/flux/src/coll/local_copy_and_reset.cu:232 Check failed: false. unsupported for input_dtype=BF16,scale_dtype=FP32
/home/rogerlee/flux/src/coll/local_copy_and_reset.cu:232 Check failed: false. unsupported for input_dtype=BF16,scale_dtype=FP32

/home/rogerlee/flux/src/coll/local_copy_and_reset.cu:232 Check failed: false. unsupported for input_dtype=BF16,scale_dtype=FP32
/home/rogerlee/flux/src/coll/local_copy_and_reset.cu:232 Check failed: false. unsupported for input_dtype=BF16,scale_dtype=FP32




/home/rogerlee/flux/src/coll/local_copy_and_reset.cu:232 Check failed: false. unsupported for input_dtype=BF16,scale_dtype=FP32
/home/rogerlee/flux/src/coll/local_copy_and_reset.cu:232 Check failed: false. unsupported for input_dtype=BF16,scale_dtype=FP32


/home/rogerlee/flux/src/coll/local_copy_and_reset.cu:232 Check failed: false. unsupported for input_dtype=BF16,scale_dtype=FP32
/home/rogerlee/flux/src/coll/local_copy_and_reset.cu:232 Check failed: false. unsupported for input_dtype=BF16,scale_dtype=FP32
/home/rogerlee/flux/src/coll/local_copy_and_reset.cu:232 Check failed: false. unsupported for input_dtype=BF16,scale_dtype=FP32
/home/rogerlee/flux/src/coll/local_copy_and_reset.cu:232 Check failed: false. unsupported for input_dtype=BF16,scale_dtype=FP32
/home/rogerlee/flux/src/coll/local_copy_and_reset.cu:232 Check failed: false. unsupported for input_dtype=BF16,scale_dtype=FP32
/home/rogerlee/flux/src/coll/local_copy_and_reset.cu:232 Check failed: false. unsupported for input_dtype=BF16,scale_dtype=FP32






/home/rogerlee/flux/src/coll/local_copy_and_reset.cu:232 Check failed: false. unsupported for input_dtype=BF16,scale_dtype=FP32
/home/rogerlee/flux/src/coll/local_copy_and_reset.cu:232 Check failed: false. unsupported for input_dtype=BF16,scale_dtype=FP32


[K=8192 M=64] check: {'flux_cclocal': {'ok_all_ranks': False, 'error': '/home/rogerlee/flux/src/coll/local_copy_and_reset.cu:232 Check failed: false. unsupported for input_dtype=BF16,scale_dtype=FP32'}, 'flux_cclocal_fused': {'ok_all_ranks': False, 'error': '/home/rogerlee/flux/src/coll/local_copy_and_reset.cu:232 Check failed: false. unsupported for input_dtype=BF16,scale_dtype=FP32'}, 'A_cclocal_fused': {'ok_all_ranks': False, 'error': '/home/rogerlee/flux/src/coll/local_copy_and_reset.cu:232 Check failed: false. unsupported for input_dtype=BF16,scale_dtype=FP32'}}
[K=8192 M=64 gpu] kept 30  nccl=45.1us  flux_default=104.9us  flux_copied=99.5us  A_default=164.9us  proto_ce_1s=45.9us  proto_ce_7s=51.7us  proto_triton=30.7us
