
*****************************************
Setting OMP_NUM_THREADS environment variable for each process to be 1 in default, to avoid your system being overloaded, please further tune the variable for optimal performance in your application as needed. 
*****************************************
split tp_group(16) into 2x8 subgroups
split tp_group(16) into 2x8 subgroups
[rank1]:[W1003 16:39:15.110809212 ProcessGroupNCCL.cpp:4561] [PG ID 2 PG GUID 2 Rank 1]  using GPU 1 to perform barrier as devices used by this process are currently unknown. This can potentially cause a hang if this rank to GPU mapping is incorrect. Specify device_ids in barrier() to force use of a particular device, or call init_process_group() with a device_id.
[rank7]:[W1003 16:39:15.110898147 ProcessGroupNCCL.cpp:4561] [PG ID 2 PG GUID 2 Rank 7]  using GPU 7 to perform barrier as devices used by this process are currently unknown. This can potentially cause a hang if this rank to GPU mapping is incorrect. Specify device_ids in barrier() to force use of a particular device, or call init_process_group() with a device_id.
split tp_group(16) into 2x8 subgroups
[rank2]:[W1003 16:39:15.111323613 ProcessGroupNCCL.cpp:4561] [PG ID 2 PG GUID 2 Rank 2]  using GPU 2 to perform barrier as devices used by this process are currently unknown. This can potentially cause a hang if this rank to GPU mapping is incorrect. Specify device_ids in barrier() to force use of a particular device, or call init_process_group() with a device_id.
split tp_group(16) into 2x8 subgroups
[rank4]:[W1003 16:39:15.112218645 ProcessGroupNCCL.cpp:4561] [PG ID 2 PG GUID 2 Rank 4]  using GPU 4 to perform barrier as devices used by this process are currently unknown. This can potentially cause a hang if this rank to GPU mapping is incorrect. Specify device_ids in barrier() to force use of a particular device, or call init_process_group() with a device_id.
split tp_group(16) into 2x8 subgroupssplit tp_group(16) into 2x8 subgroups

[rank0]:[W1003 16:39:15.112818480 ProcessGroupNCCL.cpp:4561] [PG ID 2 PG GUID 2 Rank 0]  using GPU 0 to perform barrier as devices used by this process are currently unknown. This can potentially cause a hang if this rank to GPU mapping is incorrect. Specify device_ids in barrier() to force use of a particular device, or call init_process_group() with a device_id.
[rank5]:[W1003 16:39:15.112846794 ProcessGroupNCCL.cpp:4561] [PG ID 2 PG GUID 2 Rank 5]  using GPU 5 to perform barrier as devices used by this process are currently unknown. This can potentially cause a hang if this rank to GPU mapping is incorrect. Specify device_ids in barrier() to force use of a particular device, or call init_process_group() with a device_id.
split tp_group(16) into 2x8 subgroups
[rank3]:[W1003 16:39:15.114082682 ProcessGroupNCCL.cpp:4561] [PG ID 2 PG GUID 2 Rank 3]  using GPU 3 to perform barrier as devices used by this process are currently unknown. This can potentially cause a hang if this rank to GPU mapping is incorrect. Specify device_ids in barrier() to force use of a particular device, or call init_process_group() with a device_id.
split tp_group(16) into 2x8 subgroups
[rank6]:[W1003 16:39:15.117420356 ProcessGroupNCCL.cpp:4561] [PG ID 2 PG GUID 2 Rank 6]  using GPU 6 to perform barrier as devices used by this process are currently unknown. This can potentially cause a hang if this rank to GPU mapping is incorrect. Specify device_ids in barrier() to force use of a particular device, or call init_process_group() with a device_id.
[rs_smoke] rank 3 host css-host-158 out (256, 8192) max_abs_err 4.914 ref_max 4.688 MISMATCH
[rank3]:[W1003 16:39:16.974090452 ProcessGroupNCCL.cpp:4561] [PG ID 0 PG GUID 0 Rank 3]  using GPU 3 to perform barrier as devices used by this process are currently unknown. This can potentially cause a hang if this rank to GPU mapping is incorrect. Specify device_ids in barrier() to force use of a particular device, or call init_process_group() with a device_id.
[rs_smoke] rank 6 host css-host-158 out (256, 8192) max_abs_err 2.227 ref_max 5.125 MISMATCH
[rs_smoke] rank 4 host css-host-158 out (256, 8192) max_abs_err 2.801 ref_max 4.812 MISMATCH
[rank6]:[W1003 16:39:16.974317496 ProcessGroupNCCL.cpp:4561] [PG ID 0 PG GUID 0 Rank 6]  using GPU 6 to perform barrier as devices used by this process are currently unknown. This can potentially cause a hang if this rank to GPU mapping is incorrect. Specify device_ids in barrier() to force use of a particular device, or call init_process_group() with a device_id.
[rank4]:[W1003 16:39:16.974361815 ProcessGroupNCCL.cpp:4561] [PG ID 0 PG GUID 0 Rank 4]  using GPU 4 to perform barrier as devices used by this process are currently unknown. This can potentially cause a hang if this rank to GPU mapping is incorrect. Specify device_ids in barrier() to force use of a particular device, or call init_process_group() with a device_id.
[rs_smoke] rank 2 host css-host-158 out (256, 8192) max_abs_err 4.242 ref_max 4.625 MISMATCH
[rank2]:[W1003 16:39:16.974747420 ProcessGroupNCCL.cpp:4561] [PG ID 0 PG GUID 0 Rank 2]  using GPU 2 to perform barrier as devices used by this process are currently unknown. This can potentially cause a hang if this rank to GPU mapping is incorrect. Specify device_ids in barrier() to force use of a particular device, or call init_process_group() with a device_id.
[rs_smoke] rank 0 host css-host-158 out (256, 8192) max_abs_err 4.195 ref_max 4.656 MISMATCH
[rs_smoke] rank 1 host css-host-158 out (256, 8192) max_abs_err 4.041 ref_max 4.812 MISMATCH[rs_smoke] rank 5 host css-host-158 out (256, 8192) max_abs_err 2.789 ref_max 4.438 MISMATCH

[rs_smoke] 8 RANKS MISMATCH nnodes=2 world=16 M=4096 N=8192 K=8192
[rs_smoke] rank 7 host css-host-158 out (256, 8192) max_abs_err 3.891 ref_max 4.5 MISMATCH
[rank5]:[W1003 16:39:16.974978907 ProcessGroupNCCL.cpp:4561] [PG ID 0 PG GUID 0 Rank 5]  using GPU 5 to perform barrier as devices used by this process are currently unknown. This can potentially cause a hang if this rank to GPU mapping is incorrect. Specify device_ids in barrier() to force use of a particular device, or call init_process_group() with a device_id.
[rank1]:[W1003 16:39:16.974985212 ProcessGroupNCCL.cpp:4561] [PG ID 0 PG GUID 0 Rank 1]  using GPU 1 to perform barrier as devices used by this process are currently unknown. This can potentially cause a hang if this rank to GPU mapping is incorrect. Specify device_ids in barrier() to force use of a particular device, or call init_process_group() with a device_id.
[rank0]:[W1003 16:39:16.974994197 ProcessGroupNCCL.cpp:4561] [PG ID 0 PG GUID 0 Rank 0]  using GPU 0 to perform barrier as devices used by this process are currently unknown. This can potentially cause a hang if this rank to GPU mapping is incorrect. Specify device_ids in barrier() to force use of a particular device, or call init_process_group() with a device_id.
[rank7]:[W1003 16:39:16.975068169 ProcessGroupNCCL.cpp:4561] [PG ID 0 PG GUID 0 Rank 7]  using GPU 7 to perform barrier as devices used by this process are currently unknown. This can potentially cause a hang if this rank to GPU mapping is incorrect. Specify device_ids in barrier() to force use of a particular device, or call init_process_group() with a device_id.
[exclusive_guard_v2 css-host-158] CLEAN (foreign GPU 0, CPU 0, root 0; self warnings 0) log=/home/rogerlee/flux/ws/fusion-dispatch/results/e4_flux_smoke/rsmn_ppn8_rail1/guard_node0.log
