
*****************************************
Setting OMP_NUM_THREADS environment variable for each process to be 1 in default, to avoid your system being overloaded, please further tune the variable for optimal performance in your application as needed. 
*****************************************
/dvs/p4/build/sw/rel/gpgpu/toolkit/r12.8/main_nvshmem/src/host/topo/topo.cpp:469: [GPU 14] Peer GPU 0 is not accessible, exiting ... 
/dvs/p4/build/sw/rel/gpgpu/toolkit/r12.8/main_nvshmem/src/host/init/init.cu:998: non-zero status: 3 building transport map failed 

/dvs/p4/build/sw/rel/gpgpu/toolkit/r12.8/main_nvshmem/src/host/topo/topo.cpp:469: [GPU 15] Peer GPU 0 is not accessible, exiting ... 
/dvs/p4/build/sw/rel/gpgpu/toolkit/r12.8/main_nvshmem/src/host/init/init.cu:998: non-zero status: 3 building transport map failed 

/dvs/p4/build/sw/rel/gpgpu/toolkit/r12.8/main_nvshmem/src/host/topo/topo.cpp:469: [GPU 13] Peer GPU 0 is not accessible, exiting ... 
/dvs/p4/build/sw/rel/gpgpu/toolkit/r12.8/main_nvshmem/src/host/init/init.cu:998: non-zero status: 3 building transport map failed 

/dvs/p4/build/sw/rel/gpgpu/toolkit/r12.8/main_nvshmem/src/host/topo/topo.cpp:469: [GPU 12] Peer GPU 0 is not accessible, exiting ... 
/dvs/p4/build/sw/rel/gpgpu/toolkit/r12.8/main_nvshmem/src/host/init/init.cu:998: non-zero status: 3 building transport map failed 

/dvs/p4/build/sw/rel/gpgpu/toolkit/r12.8/main_nvshmem/src/host/topo/topo.cpp:469: [GPU 8] Peer GPU 0 is not accessible, exiting ... 
/dvs/p4/build/sw/rel/gpgpu/toolkit/r12.8/main_nvshmem/src/host/init/init.cu:998: non-zero status: 3 building transport map failed 

/dvs/p4/build/sw/rel/gpgpu/toolkit/r12.8/main_nvshmem/src/host/topo/topo.cpp:469: [GPU 11] Peer GPU 0 is not accessible, exiting ... 
/dvs/p4/build/sw/rel/gpgpu/toolkit/r12.8/main_nvshmem/src/host/init/init.cu:998: non-zero status: 3 building transport map failed 

/dvs/p4/build/sw/rel/gpgpu/toolkit/r12.8/main_nvshmem/src/host/topo/topo.cpp:469: [GPU 10] Peer GPU 0 is not accessible, exiting ... 
/dvs/p4/build/sw/rel/gpgpu/toolkit/r12.8/main_nvshmem/src/host/init/init.cu:998: non-zero status: 3 building transport map failed 

/dvs/p4/build/sw/rel/gpgpu/toolkit/r12.8/main_nvshmem/src/host/topo/topo.cpp:469: [GPU 9] Peer GPU 0 is not accessible, exiting ... 
/dvs/p4/build/sw/rel/gpgpu/toolkit/r12.8/main_nvshmem/src/host/init/init.cu:998: non-zero status: 3 building transport map failed 

split tp_group(16) into 2x8 subgroups
[rank14]:[W1003 12:38:30.861758553 ProcessGroupNCCL.cpp:4561] [PG ID 2 PG GUID 3 Rank 6]  using GPU 6 to perform barrier as devices used by this process are currently unknown. This can potentially cause a hang if this rank to GPU mapping is incorrect. Specify device_ids in barrier() to force use of a particular device, or call init_process_group() with a device_id.
split tp_group(16) into 2x8 subgroups
[rank13]:[W1003 12:38:30.877331240 ProcessGroupNCCL.cpp:4561] [PG ID 2 PG GUID 3 Rank 5]  using GPU 5 to perform barrier as devices used by this process are currently unknown. This can potentially cause a hang if this rank to GPU mapping is incorrect. Specify device_ids in barrier() to force use of a particular device, or call init_process_group() with a device_id.
split tp_group(16) into 2x8 subgroups
[rank15]:[W1003 12:38:30.879521103 ProcessGroupNCCL.cpp:4561] [PG ID 2 PG GUID 3 Rank 7]  using GPU 7 to perform barrier as devices used by this process are currently unknown. This can potentially cause a hang if this rank to GPU mapping is incorrect. Specify device_ids in barrier() to force use of a particular device, or call init_process_group() with a device_id.
split tp_group(16) into 2x8 subgroups
[rank12]:[W1003 12:38:30.881770055 ProcessGroupNCCL.cpp:4561] [PG ID 2 PG GUID 3 Rank 4]  using GPU 4 to perform barrier as devices used by this process are currently unknown. This can potentially cause a hang if this rank to GPU mapping is incorrect. Specify device_ids in barrier() to force use of a particular device, or call init_process_group() with a device_id.
split tp_group(16) into 2x8 subgroups
[rank11]:[W1003 12:38:30.882665534 ProcessGroupNCCL.cpp:4561] [PG ID 2 PG GUID 3 Rank 3]  using GPU 3 to perform barrier as devices used by this process are currently unknown. This can potentially cause a hang if this rank to GPU mapping is incorrect. Specify device_ids in barrier() to force use of a particular device, or call init_process_group() with a device_id.
split tp_group(16) into 2x8 subgroups
[rank8]:[W1003 12:38:30.885851669 ProcessGroupNCCL.cpp:4561] [PG ID 2 PG GUID 3 Rank 0]  using GPU 0 to perform barrier as devices used by this process are currently unknown. This can potentially cause a hang if this rank to GPU mapping is incorrect. Specify device_ids in barrier() to force use of a particular device, or call init_process_group() with a device_id.
split tp_group(16) into 2x8 subgroups
[rank9]:[W1003 12:38:30.887145188 ProcessGroupNCCL.cpp:4561] [PG ID 2 PG GUID 3 Rank 1]  using GPU 1 to perform barrier as devices used by this process are currently unknown. This can potentially cause a hang if this rank to GPU mapping is incorrect. Specify device_ids in barrier() to force use of a particular device, or call init_process_group() with a device_id.
split tp_group(16) into 2x8 subgroups
[rank10]:[W1003 12:38:30.888980450 ProcessGroupNCCL.cpp:4561] [PG ID 2 PG GUID 3 Rank 2]  using GPU 2 to perform barrier as devices used by this process are currently unknown. This can potentially cause a hang if this rank to GPU mapping is incorrect. Specify device_ids in barrier() to force use of a particular device, or call init_process_group() with a device_id.
/home/rogerlee/flux/src/ths_op/flux_shm.cc:56 Check failed: nvshmemx_init_status() >= NVSHMEM_STATUS_IS_INITIALIZED. nvshmem not initialized: status NVSHMEM_STATUS_IS_BOOTSTRAPPED
[rank10]: Traceback (most recent call last):
[rank10]:   File "/home/rogerlee/flux/ws/fusion-dispatch/scripts/xnode_flux_rs_smoke_v1.py", line 27, in <module>
[rank10]:     op = flux.GemmRS_multinode(tp, nnodes, M, N, torch.bfloat16, transpose_weight=False, fuse_reduction=False)
[rank10]:          ^^^^^^^^^^^^^^^^^^^^^^^^^^^^^^^^^^^^^^^^^^^^^^^^^^^^^^^^^^^^^^^^^^^^^^^^^^^^^^^^^^^^^^^^^^^^^^^^^^^^^
[rank10]:   File "/home/rogerlee/flux/python/flux/gemm_rs_sm80.py", line 117, in __init__
[rank10]:     self.lazy_init_cpp_op(self.max_m)
[rank10]:   File "/home/rogerlee/flux/python/flux/gemm_rs_sm80.py", line 124, in lazy_init_cpp_op
[rank10]:     self.cpp_op = flux.GemmRS(
[rank10]:                   ^^^^^^^^^^^^
[rank10]: RuntimeError: /home/rogerlee/flux/src/ths_op/flux_shm.cc:56 Check failed: nvshmemx_init_status() >= NVSHMEM_STATUS_IS_INITIALIZED. nvshmem not initialized: status NVSHMEM_STATUS_IS_BOOTSTRAPPED
/home/rogerlee/flux/src/ths_op/flux_shm.cc:56 Check failed: nvshmemx_init_status() >= NVSHMEM_STATUS_IS_INITIALIZED. nvshmem not initialized: status NVSHMEM_STATUS_IS_BOOTSTRAPPED
/home/rogerlee/flux/src/ths_op/flux_shm.cc:56 Check failed: nvshmemx_init_status() >= NVSHMEM_STATUS_IS_INITIALIZED. nvshmem not initialized: status NVSHMEM_STATUS_IS_BOOTSTRAPPED
/home/rogerlee/flux/src/ths_op/flux_shm.cc:56 Check failed: nvshmemx_init_status() >= NVSHMEM_STATUS_IS_INITIALIZED. nvshmem not initialized: status NVSHMEM_STATUS_IS_BOOTSTRAPPED
/home/rogerlee/flux/src/ths_op/flux_shm.cc:56 Check failed: nvshmemx_init_status() >= NVSHMEM_STATUS_IS_INITIALIZED. nvshmem not initialized: status NVSHMEM_STATUS_IS_BOOTSTRAPPED
[rank13]: Traceback (most recent call last):
[rank13]:   File "/home/rogerlee/flux/ws/fusion-dispatch/scripts/xnode_flux_rs_smoke_v1.py", line 27, in <module>
[rank13]:     op = flux.GemmRS_multinode(tp, nnodes, M, N, torch.bfloat16, transpose_weight=False, fuse_reduction=False)
[rank13]:          ^^^^^^^^^^^^^^^^^^^^^^^^^^^^^^^^^^^^^^^^^^^^^^^^^^^^^^^^^^^^^^^^^^^^^^^^^^^^^^^^^^^^^^^^^^^^^^^^^^^^^
[rank13]:   File "/home/rogerlee/flux/python/flux/gemm_rs_sm80.py", line 117, in __init__
[rank13]:     self.lazy_init_cpp_op(self.max_m)
[rank13]:   File "/home/rogerlee/flux/python/flux/gemm_rs_sm80.py", line 124, in lazy_init_cpp_op
[rank13]:     self.cpp_op = flux.GemmRS(
[rank13]:                   ^^^^^^^^^^^^
[rank13]: RuntimeError: /home/rogerlee/flux/src/ths_op/flux_shm.cc:56 Check failed: nvshmemx_init_status() >= NVSHMEM_STATUS_IS_INITIALIZED. nvshmem not initialized: status NVSHMEM_STATUS_IS_BOOTSTRAPPED
/home/rogerlee/flux/src/ths_op/flux_shm.cc:56 Check failed: nvshmemx_init_status() >= NVSHMEM_STATUS_IS_INITIALIZED. nvshmem not initialized: status NVSHMEM_STATUS_IS_BOOTSTRAPPED
/home/rogerlee/flux/src/ths_op/flux_shm.cc:56 Check failed: nvshmemx_init_status() >= NVSHMEM_STATUS_IS_INITIALIZED. nvshmem not initialized: status NVSHMEM_STATUS_IS_BOOTSTRAPPED
[rank15]: Traceback (most recent call last):
[rank15]:   File "/home/rogerlee/flux/ws/fusion-dispatch/scripts/xnode_flux_rs_smoke_v1.py", line 27, in <module>
[rank15]:     op = flux.GemmRS_multinode(tp, nnodes, M, N, torch.bfloat16, transpose_weight=False, fuse_reduction=False)
[rank15]:          ^^^^^^^^^^^^^^^^^^^^^^^^^^^^^^^^^^^^^^^^^^^^^^^^^^^^^^^^^^^^^^^^^^^^^^^^^^^^^^^^^^^^^^^^^^^^^^^^^^^^^
[rank15]:   File "/home/rogerlee/flux/python/flux/gemm_rs_sm80.py", line 117, in __init__
[rank15]:     self.lazy_init_cpp_op(self.max_m)
[rank15]:   File "/home/rogerlee/flux/python/flux/gemm_rs_sm80.py", line 124, in lazy_init_cpp_op
[rank15]:     self.cpp_op = flux.GemmRS(
[rank15]:                   ^^^^^^^^^^^^
[rank15]: RuntimeError: /home/rogerlee/flux/src/ths_op/flux_shm.cc:56 Check failed: nvshmemx_init_status() >= NVSHMEM_STATUS_IS_INITIALIZED. nvshmem not initialized: status NVSHMEM_STATUS_IS_BOOTSTRAPPED
/home/rogerlee/flux/src/ths_op/flux_shm.cc:56 Check failed: nvshmemx_init_status() >= NVSHMEM_STATUS_IS_INITIALIZED. nvshmem not initialized: status NVSHMEM_STATUS_IS_BOOTSTRAPPED[rank14]: Traceback (most recent call last):
[rank14]:   File "/home/rogerlee/flux/ws/fusion-dispatch/scripts/xnode_flux_rs_smoke_v1.py", line 27, in <module>
[rank14]:     op = flux.GemmRS_multinode(tp, nnodes, M, N, torch.bfloat16, transpose_weight=False, fuse_reduction=False)
[rank14]:          ^^^^^^^^^^^^^^^^^^^^^^^^^^^^^^^^^^^^^^^^^^^^^^^^^^^^^^^^^^^^^^^^^^^^^^^^^^^^^^^^^^^^^^^^^^^^^^^^^^^^^
[rank14]:   File "/home/rogerlee/flux/python/flux/gemm_rs_sm80.py", line 117, in __init__
[rank14]:     self.lazy_init_cpp_op(self.max_m)
[rank14]:   File "/home/rogerlee/flux/python/flux/gemm_rs_sm80.py", line 124, in lazy_init_cpp_op
[rank14]:     self.cpp_op = flux.GemmRS(
[rank14]:                   ^^^^^^^^^^^^
[rank14]: RuntimeError: /home/rogerlee/flux/src/ths_op/flux_shm.cc:56 Check failed: nvshmemx_init_status() >= NVSHMEM_STATUS_IS_INITIALIZED. nvshmem not initialized: status NVSHMEM_STATUS_IS_BOOTSTRAPPED

[rank8]: Traceback (most recent call last):
[rank8]:   File "/home/rogerlee/flux/ws/fusion-dispatch/scripts/xnode_flux_rs_smoke_v1.py", line 27, in <module>
[rank8]:     op = flux.GemmRS_multinode(tp, nnodes, M, N, torch.bfloat16, transpose_weight=False, fuse_reduction=False)
[rank8]:          ^^^^^^^^^^^^^^^^^^^^^^^^^^^^^^^^^^^^^^^^^^^^^^^^^^^^^^^^^^^^^^^^^^^^^^^^^^^^^^^^^^^^^^^^^^^^^^^^^^^^^
[rank8]:   File "/home/rogerlee/flux/python/flux/gemm_rs_sm80.py", line 117, in __init__
[rank8]:     self.lazy_init_cpp_op(self.max_m)
[rank8]:   File "/home/rogerlee/flux/python/flux/gemm_rs_sm80.py", line 124, in lazy_init_cpp_op
[rank8]:     self.cpp_op = flux.GemmRS(
[rank8]:                   ^^^^^^^^^^^^
[rank8]: RuntimeError: /home/rogerlee/flux/src/ths_op/flux_shm.cc:56 Check failed: nvshmemx_init_status() >= NVSHMEM_STATUS_IS_INITIALIZED. nvshmem not initialized: status NVSHMEM_STATUS_IS_BOOTSTRAPPED
[rank12]: Traceback (most recent call last):
[rank12]:   File "/home/rogerlee/flux/ws/fusion-dispatch/scripts/xnode_flux_rs_smoke_v1.py", line 27, in <module>
[rank12]:     op = flux.GemmRS_multinode(tp, nnodes, M, N, torch.bfloat16, transpose_weight=False, fuse_reduction=False)
[rank12]:          ^^^^^^^^^^^^^^^^^^^^^^^^^^^^^^^^^^^^^^^^^^^^^^^^^^^^^^^^^^^^^^^^^^^^^^^^^^^^^^^^^^^^^^^^^^^^^^^^^^^^^
[rank12]:   File "/home/rogerlee/flux/python/flux/gemm_rs_sm80.py", line 117, in __init__
[rank12]:     self.lazy_init_cpp_op(self.max_m)
[rank12]:   File "/home/rogerlee/flux/python/flux/gemm_rs_sm80.py", line 124, in lazy_init_cpp_op
[rank12]:     self.cpp_op = flux.GemmRS(
[rank12]:                   ^^^^^^^^^^^^
[rank12]: RuntimeError: /home/rogerlee/flux/src/ths_op/flux_shm.cc:56 Check failed: nvshmemx_init_status() >= NVSHMEM_STATUS_IS_INITIALIZED. nvshmem not initialized: status NVSHMEM_STATUS_IS_BOOTSTRAPPED
[rank9]: Traceback (most recent call last):
[rank9]:   File "/home/rogerlee/flux/ws/fusion-dispatch/scripts/xnode_flux_rs_smoke_v1.py", line 27, in <module>
[rank9]:     op = flux.GemmRS_multinode(tp, nnodes, M, N, torch.bfloat16, transpose_weight=False, fuse_reduction=False)
[rank9]:          ^^^^^^^^^^^^^^^^^^^^^^^^^^^^^^^^^^^^^^^^^^^^^^^^^^^^^^^^^^^^^^^^^^^^^^^^^^^^^^^^^^^^^^^^^^^^^^^^^^^^^
[rank9]:   File "/home/rogerlee/flux/python/flux/gemm_rs_sm80.py", line 117, in __init__
[rank9]:     self.lazy_init_cpp_op(self.max_m)
[rank9]:   File "/home/rogerlee/flux/python/flux/gemm_rs_sm80.py", line 124, in lazy_init_cpp_op
[rank9]:     self.cpp_op = flux.GemmRS(
[rank9]:                   ^^^^^^^^^^^^
[rank9]: RuntimeError: /home/rogerlee/flux/src/ths_op/flux_shm.cc:56 Check failed: nvshmemx_init_status() >= NVSHMEM_STATUS_IS_INITIALIZED. nvshmem not initialized: status NVSHMEM_STATUS_IS_BOOTSTRAPPED
[rank11]: Traceback (most recent call last):
[rank11]:   File "/home/rogerlee/flux/ws/fusion-dispatch/scripts/xnode_flux_rs_smoke_v1.py", line 27, in <module>
[rank11]:     op = flux.GemmRS_multinode(tp, nnodes, M, N, torch.bfloat16, transpose_weight=False, fuse_reduction=False)
[rank11]:          ^^^^^^^^^^^^^^^^^^^^^^^^^^^^^^^^^^^^^^^^^^^^^^^^^^^^^^^^^^^^^^^^^^^^^^^^^^^^^^^^^^^^^^^^^^^^^^^^^^^^^
[rank11]:   File "/home/rogerlee/flux/python/flux/gemm_rs_sm80.py", line 117, in __init__
[rank11]:     self.lazy_init_cpp_op(self.max_m)
[rank11]:   File "/home/rogerlee/flux/python/flux/gemm_rs_sm80.py", line 124, in lazy_init_cpp_op
[rank11]:     self.cpp_op = flux.GemmRS(
[rank11]:                   ^^^^^^^^^^^^
[rank11]: RuntimeError: /home/rogerlee/flux/src/ths_op/flux_shm.cc:56 Check failed: nvshmemx_init_status() >= NVSHMEM_STATUS_IS_INITIALIZED. nvshmem not initialized: status NVSHMEM_STATUS_IS_BOOTSTRAPPED
[rank8]:[W1003 12:38:32.656074732 ProcessGroupNCCL.cpp:1496] Warning: WARNING: destroy_process_group() was not called before program exit, which can leak resources. For more info, please see https://pytorch.org/docs/stable/distributed.html#shutdown (function operator())
W1003 12:38:33.656000 378069 .pixi/envs/default/lib/python3.11/site-packages/torch/distributed/elastic/multiprocessing/api.py:897] Sending process 378201 closing signal SIGTERM
W1003 12:38:33.656000 378069 .pixi/envs/default/lib/python3.11/site-packages/torch/distributed/elastic/multiprocessing/api.py:897] Sending process 378202 closing signal SIGTERM
W1003 12:38:33.656000 378069 .pixi/envs/default/lib/python3.11/site-packages/torch/distributed/elastic/multiprocessing/api.py:897] Sending process 378203 closing signal SIGTERM
W1003 12:38:33.657000 378069 .pixi/envs/default/lib/python3.11/site-packages/torch/distributed/elastic/multiprocessing/api.py:897] Sending process 378205 closing signal SIGTERM
W1003 12:38:33.657000 378069 .pixi/envs/default/lib/python3.11/site-packages/torch/distributed/elastic/multiprocessing/api.py:897] Sending process 378206 closing signal SIGTERM
W1003 12:38:33.657000 378069 .pixi/envs/default/lib/python3.11/site-packages/torch/distributed/elastic/multiprocessing/api.py:897] Sending process 378207 closing signal SIGTERM
E1003 12:38:34.349000 378069 .pixi/envs/default/lib/python3.11/site-packages/torch/distributed/elastic/multiprocessing/api.py:869] failed (exitcode: 1) local_rank: 0 (pid: 378200) of binary: /home/rogerlee/flux/.pixi/envs/default/bin/python
Traceback (most recent call last):
  File "<frozen runpy>", line 198, in _run_module_as_main
  File "<frozen runpy>", line 88, in _run_code
  File "/home/rogerlee/flux/.pixi/envs/default/lib/python3.11/site-packages/torch/distributed/run.py", line 922, in <module>
    main()
  File "/home/rogerlee/flux/.pixi/envs/default/lib/python3.11/site-packages/torch/distributed/elastic/multiprocessing/errors/__init__.py", line 355, in wrapper
    return f(*args, **kwargs)
           ^^^^^^^^^^^^^^^^^^
  File "/home/rogerlee/flux/.pixi/envs/default/lib/python3.11/site-packages/torch/distributed/run.py", line 918, in main
    run(args)
  File "/home/rogerlee/flux/.pixi/envs/default/lib/python3.11/site-packages/torch/distributed/run.py", line 909, in run
    elastic_launch(
  File "/home/rogerlee/flux/.pixi/envs/default/lib/python3.11/site-packages/torch/distributed/launcher/api.py", line 138, in __call__
    return launch_agent(self._config, self._entrypoint, list(args))
           ^^^^^^^^^^^^^^^^^^^^^^^^^^^^^^^^^^^^^^^^^^^^^^^^^^^^^^^^
  File "/home/rogerlee/flux/.pixi/envs/default/lib/python3.11/site-packages/torch/distributed/launcher/api.py", line 269, in launch_agent
    raise ChildFailedError(
torch.distributed.elastic.multiprocessing.errors.ChildFailedError: 
============================================================
ws/fusion-dispatch/scripts/xnode_flux_rs_smoke_v1.py FAILED
------------------------------------------------------------
Failures:
[1]:
  time      : 2026-10-03_12:38:33
  host      : css-host-159
  rank      : 12 (local_rank: 4)
  exitcode  : 1 (pid: 378204)
  error_file: <N/A>
  traceback : To enable traceback see: https://pytorch.org/docs/stable/elastic/errors.html
------------------------------------------------------------
Root Cause (first observed failure):
[0]:
  time      : 2026-10-03_12:38:33
  host      : css-host-159
  rank      : 8 (local_rank: 0)
  exitcode  : 1 (pid: 378200)
  error_file: <N/A>
  traceback : To enable traceback see: https://pytorch.org/docs/stable/elastic/errors.html
============================================================
[exclusive_guard_v2 css-host-159] CLEAN (foreign GPU 0, CPU 0, root 0; self warnings 0) log=/home/rogerlee/flux/ws/fusion-dispatch/results/e4_flux_smoke/rsmn_ppn8_notransport/guard_node1.log
