
*****************************************
Setting OMP_NUM_THREADS environment variable for each process to be 1 in default, to avoid your system being overloaded, please further tune the variable for optimal performance in your application as needed. 
*****************************************
[anchor] all_gather      world=8       1 MiB  median    0.286 ms  busbw    3.21 GB/s
[anchor] all_gather      world=8       4 MiB  median    0.421 ms  busbw    8.72 GB/s
[anchor] all_gather      world=8      16 MiB  median    1.145 ms  busbw   12.82 GB/s
[anchor] all_gather      world=8      64 MiB  median    4.229 ms  busbw   13.88 GB/s
[anchor] all_gather      world=8     256 MiB  median   16.118 ms  busbw   14.57 GB/s
[anchor] all_gather      world=8    1024 MiB  median   64.463 ms  busbw   14.57 GB/s
[anchor] reduce_scatter  world=8       1 MiB  median    0.137 ms  busbw    6.69 GB/s
[anchor] reduce_scatter  world=8       4 MiB  median    0.340 ms  busbw   10.80 GB/s
[anchor] reduce_scatter  world=8      16 MiB  median    1.074 ms  busbw   13.67 GB/s
[anchor] reduce_scatter  world=8      64 MiB  median    4.190 ms  busbw   14.02 GB/s
[anchor] reduce_scatter  world=8     256 MiB  median   16.299 ms  busbw   14.41 GB/s
[anchor] reduce_scatter  world=8    1024 MiB  median   64.220 ms  busbw   14.63 GB/s
[anchor] all_reduce      world=8       1 MiB  median    0.190 ms  busbw    9.66 GB/s
[anchor] all_reduce      world=8       4 MiB  median    0.548 ms  busbw   13.40 GB/s
[anchor] all_reduce      world=8      16 MiB  median    2.042 ms  busbw   14.38 GB/s
[anchor] all_reduce      world=8      64 MiB  median    8.353 ms  busbw   14.06 GB/s
[anchor] all_reduce      world=8     256 MiB  median   32.145 ms  busbw   14.61 GB/s
[anchor] all_reduce      world=8    1024 MiB  median  126.877 ms  busbw   14.81 GB/s
[anchor] host css-host-158 wrote ws/fusion-dispatch/results/e4_anchor_nccl/tc104_ppn4/nccl_anchor_w8.csv
[exclusive_guard_v2 css-host-158] CLEAN (foreign GPU 0, CPU 0, root 0; self warnings 0) log=/home/rogerlee/flux/ws/fusion-dispatch/results/e4_anchor_nccl/tc104_ppn4/guard_node0.log
