
*****************************************
Setting OMP_NUM_THREADS environment variable for each process to be 1 in default, to avoid your system being overloaded, please further tune the variable for optimal performance in your application as needed. 
*****************************************
[rank7]:[W1003 12:24:50.456424626 ProcessGroupNCCL.cpp:4561] [PG ID 0 PG GUID 0 Rank 7]  using GPU 3 to perform barrier as devices used by this process are currently unknown. This can potentially cause a hang if this rank to GPU mapping is incorrect. Specify device_ids in barrier() to force use of a particular device, or call init_process_group() with a device_id.
[rank4]:[W1003 12:24:50.456724505 ProcessGroupNCCL.cpp:4561] [PG ID 0 PG GUID 0 Rank 4]  using GPU 0 to perform barrier as devices used by this process are currently unknown. This can potentially cause a hang if this rank to GPU mapping is incorrect. Specify device_ids in barrier() to force use of a particular device, or call init_process_group() with a device_id.
[rank5]:[W1003 12:24:50.458434187 ProcessGroupNCCL.cpp:4561] [PG ID 0 PG GUID 0 Rank 5]  using GPU 1 to perform barrier as devices used by this process are currently unknown. This can potentially cause a hang if this rank to GPU mapping is incorrect. Specify device_ids in barrier() to force use of a particular device, or call init_process_group() with a device_id.
[rank6]:[W1003 12:24:50.460105916 ProcessGroupNCCL.cpp:4561] [PG ID 0 PG GUID 0 Rank 6]  using GPU 2 to perform barrier as devices used by this process are currently unknown. This can potentially cause a hang if this rank to GPU mapping is incorrect. Specify device_ids in barrier() to force use of a particular device, or call init_process_group() with a device_id.
/home/rogerlee/flux/src/coll/ths_op/all_gather_op.cc:515 Check failed: error == CUDA_SUCCESS. Got bad cuda status: invalid argument(1) at CUStreamWriteValue( stream, (CUdeviceptr)(barrier_ptrs[rank_] + (segment * SPLIT + split_index)), 1, CU_STREAM_WRITE_VALUE_DEFAULT)
/home/rogerlee/flux/src/coll/ths_op/all_gather_op.cc:515 Check failed: error == CUDA_SUCCESS. Got bad cuda status: invalid argument(1) at CUStreamWriteValue( stream, (CUdeviceptr)(barrier_ptrs[rank_] + (segment * SPLIT + split_index)), 1, CU_STREAM_WRITE_VALUE_DEFAULT)
/home/rogerlee/flux/src/coll/ths_op/all_gather_op.cc:515 Check failed: error == CUDA_SUCCESS. Got bad cuda status: invalid argument(1) at CUStreamWriteValue( stream, (CUdeviceptr)(barrier_ptrs[rank_] + (segment * SPLIT + split_index)), 1, CU_STREAM_WRITE_VALUE_DEFAULT)
/home/rogerlee/flux/src/coll/ths_op/all_gather_op.cc:515 Check failed: error == CUDA_SUCCESS. Got bad cuda status: invalid argument(1) at CUStreamWriteValue( stream, (CUdeviceptr)(barrier_ptrs[rank_] + (segment * SPLIT + split_index)), 1, CU_STREAM_WRITE_VALUE_DEFAULT)
[rank6]: Traceback (most recent call last):
[rank6]:   File "/home/rogerlee/flux/test/python/ag_gemm/test_ag_kernel.py", line 695, in <module>
[rank6]:     perf_res_flux = perf_flux(
[rank6]:                     ^^^^^^^^^^
[rank6]:   File "/home/rogerlee/flux/.pixi/envs/default/lib/python3.11/site-packages/torch/utils/_contextlib.py", line 116, in decorate_context
[rank6]:     return func(*args, **kwargs)
[rank6]:            ^^^^^^^^^^^^^^^^^^^^^
[rank6]:   File "/home/rogerlee/flux/test/python/ag_gemm/test_ag_kernel.py", line 462, in perf_flux
[rank6]:     all_gather_gemm_kernel.forward(
[rank6]: RuntimeError: /home/rogerlee/flux/src/coll/ths_op/all_gather_op.cc:515 Check failed: error == CUDA_SUCCESS. Got bad cuda status: invalid argument(1) at CUStreamWriteValue( stream, (CUdeviceptr)(barrier_ptrs[rank_] + (segment * SPLIT + split_index)), 1, CU_STREAM_WRITE_VALUE_DEFAULT)
[rank4]: Traceback (most recent call last):
[rank4]:   File "/home/rogerlee/flux/test/python/ag_gemm/test_ag_kernel.py", line 695, in <module>
[rank4]:     perf_res_flux = perf_flux(
[rank4]:                     ^^^^^^^^^^
[rank4]:   File "/home/rogerlee/flux/.pixi/envs/default/lib/python3.11/site-packages/torch/utils/_contextlib.py", line 116, in decorate_context
[rank4]:     return func(*args, **kwargs)
[rank4]:            ^^^^^^^^^^^^^^^^^^^^^
[rank4]:   File "/home/rogerlee/flux/test/python/ag_gemm/test_ag_kernel.py", line 462, in perf_flux
[rank4]:     all_gather_gemm_kernel.forward(
[rank4]: RuntimeError: /home/rogerlee/flux/src/coll/ths_op/all_gather_op.cc:515 Check failed: error == CUDA_SUCCESS. Got bad cuda status: invalid argument(1) at CUStreamWriteValue( stream, (CUdeviceptr)(barrier_ptrs[rank_] + (segment * SPLIT + split_index)), 1, CU_STREAM_WRITE_VALUE_DEFAULT)
[rank5]: Traceback (most recent call last):
[rank5]:   File "/home/rogerlee/flux/test/python/ag_gemm/test_ag_kernel.py", line 695, in <module>
[rank5]:     perf_res_flux = perf_flux(
[rank5]:                     ^^^^^^^^^^
[rank5]:   File "/home/rogerlee/flux/.pixi/envs/default/lib/python3.11/site-packages/torch/utils/_contextlib.py", line 116, in decorate_context
[rank5]:     return func(*args, **kwargs)
[rank5]:            ^^^^^^^^^^^^^^^^^^^^^
[rank5]:   File "/home/rogerlee/flux/test/python/ag_gemm/test_ag_kernel.py", line 462, in perf_flux
[rank5]:     all_gather_gemm_kernel.forward(
[rank5]: RuntimeError: /home/rogerlee/flux/src/coll/ths_op/all_gather_op.cc:515 Check failed: error == CUDA_SUCCESS. Got bad cuda status: invalid argument(1) at CUStreamWriteValue( stream, (CUdeviceptr)(barrier_ptrs[rank_] + (segment * SPLIT + split_index)), 1, CU_STREAM_WRITE_VALUE_DEFAULT)
[rank7]: Traceback (most recent call last):
[rank7]:   File "/home/rogerlee/flux/test/python/ag_gemm/test_ag_kernel.py", line 695, in <module>
[rank7]:     perf_res_flux = perf_flux(
[rank7]:                     ^^^^^^^^^^
[rank7]:   File "/home/rogerlee/flux/.pixi/envs/default/lib/python3.11/site-packages/torch/utils/_contextlib.py", line 116, in decorate_context
[rank7]:     return func(*args, **kwargs)
[rank7]:            ^^^^^^^^^^^^^^^^^^^^^
[rank7]:   File "/home/rogerlee/flux/test/python/ag_gemm/test_ag_kernel.py", line 462, in perf_flux
[rank7]:     all_gather_gemm_kernel.forward(
[rank7]: RuntimeError: /home/rogerlee/flux/src/coll/ths_op/all_gather_op.cc:515 Check failed: error == CUDA_SUCCESS. Got bad cuda status: invalid argument(1) at CUStreamWriteValue( stream, (CUdeviceptr)(barrier_ptrs[rank_] + (segment * SPLIT + split_index)), 1, CU_STREAM_WRITE_VALUE_DEFAULT)
W1003 12:34:43.483000 374437 .pixi/envs/default/lib/python3.11/site-packages/torch/distributed/elastic/agent/server/api.py:719] Received 15 death signal, shutting down workers
W1003 12:34:43.486000 374437 .pixi/envs/default/lib/python3.11/site-packages/torch/distributed/elastic/multiprocessing/api.py:897] Sending process 374568 closing signal SIGTERM
W1003 12:34:43.486000 374437 .pixi/envs/default/lib/python3.11/site-packages/torch/distributed/elastic/multiprocessing/api.py:897] Sending process 374569 closing signal SIGTERM
W1003 12:34:43.487000 374437 .pixi/envs/default/lib/python3.11/site-packages/torch/distributed/elastic/multiprocessing/api.py:897] Sending process 374570 closing signal SIGTERM
W1003 12:34:43.488000 374437 .pixi/envs/default/lib/python3.11/site-packages/torch/distributed/elastic/multiprocessing/api.py:897] Sending process 374571 closing signal SIGTERM
Traceback (most recent call last):
  File "<frozen runpy>", line 198, in _run_module_as_main
  File "<frozen runpy>", line 88, in _run_code
  File "/home/rogerlee/flux/.pixi/envs/default/lib/python3.11/site-packages/torch/distributed/run.py", line 922, in <module>
    main()
  File "/home/rogerlee/flux/.pixi/envs/default/lib/python3.11/site-packages/torch/distributed/elastic/multiprocessing/errors/__init__.py", line 355, in wrapper
    return f(*args, **kwargs)
           ^^^^^^^^^^^^^^^^^^
  File "/home/rogerlee/flux/.pixi/envs/default/lib/python3.11/site-packages/torch/distributed/run.py", line 918, in main
    run(args)
  File "/home/rogerlee/flux/.pixi/envs/default/lib/python3.11/site-packages/torch/distributed/run.py", line 909, in run
    elastic_launch(
  File "/home/rogerlee/flux/.pixi/envs/default/lib/python3.11/site-packages/torch/distributed/launcher/api.py", line 138, in __call__
    return launch_agent(self._config, self._entrypoint, list(args))
           ^^^^^^^^^^^^^^^^^^^^^^^^^^^^^^^^^^^^^^^^^^^^^^^^^^^^^^^^
  File "/home/rogerlee/flux/.pixi/envs/default/lib/python3.11/site-packages/torch/distributed/launcher/api.py", line 260, in launch_agent
    result = agent.run()
             ^^^^^^^^^^^
  File "/home/rogerlee/flux/.pixi/envs/default/lib/python3.11/site-packages/torch/distributed/elastic/metrics/api.py", line 137, in wrapper
    result = f(*args, **kwargs)
             ^^^^^^^^^^^^^^^^^^
  File "/home/rogerlee/flux/.pixi/envs/default/lib/python3.11/site-packages/torch/distributed/elastic/agent/server/api.py", line 711, in run
    result = self._invoke_run(role)
             ^^^^^^^^^^^^^^^^^^^^^^
  File "/home/rogerlee/flux/.pixi/envs/default/lib/python3.11/site-packages/torch/distributed/elastic/agent/server/api.py", line 870, in _invoke_run
    time.sleep(monitor_interval)
  File "/home/rogerlee/flux/.pixi/envs/default/lib/python3.11/site-packages/torch/distributed/elastic/multiprocessing/api.py", line 84, in _terminate_process_handler
    raise SignalException(f"Process {os.getpid()} got signal: {sigval}", sigval=sigval)
torch.distributed.elastic.multiprocessing.api.SignalException: Process 374437 got signal: 15
[exclusive_guard_v2 css-host-159] CLEAN (foreign GPU 0, CPU 0, root 0; self warnings 0) log=/home/rogerlee/flux/ws/fusion-dispatch/results/e4_flux_smoke/ag_ppn4_rail1/guard_node1.log
