
*****************************************
Setting OMP_NUM_THREADS environment variable for each process to be 1 in default, to avoid your system being overloaded, please further tune the variable for optimal performance in your application as needed. 
*****************************************
[rank2]:[W1003 16:24:50.225488397 ProcessGroupNCCL.cpp:4561] [PG ID 0 PG GUID 0 Rank 2]  using GPU 2 to perform barrier as devices used by this process are currently unknown. This can potentially cause a hang if this rank to GPU mapping is incorrect. Specify device_ids in barrier() to force use of a particular device, or call init_process_group() with a device_id.
[rank1]:[W1003 16:24:50.226454587 ProcessGroupNCCL.cpp:4561] [PG ID 0 PG GUID 0 Rank 1]  using GPU 1 to perform barrier as devices used by this process are currently unknown. This can potentially cause a hang if this rank to GPU mapping is incorrect. Specify device_ids in barrier() to force use of a particular device, or call init_process_group() with a device_id.
[rank3]:[W1003 16:24:50.226770648 ProcessGroupNCCL.cpp:4561] [PG ID 0 PG GUID 0 Rank 3]  using GPU 3 to perform barrier as devices used by this process are currently unknown. This can potentially cause a hang if this rank to GPU mapping is incorrect. Specify device_ids in barrier() to force use of a particular device, or call init_process_group() with a device_id.
[rank0]:[W1003 16:24:50.229403328 ProcessGroupNCCL.cpp:4561] [PG ID 0 PG GUID 0 Rank 0]  using GPU 0 to perform barrier as devices used by this process are currently unknown. This can potentially cause a hang if this rank to GPU mapping is incorrect. Specify device_ids in barrier() to force use of a particular device, or call init_process_group() with a device_id.
W1003 16:24:53.331000 864849 .pixi/envs/default/lib/python3.11/site-packages/torch/distributed/elastic/multiprocessing/api.py:897] Sending process 864988 closing signal SIGTERM
W1003 16:24:53.332000 864849 .pixi/envs/default/lib/python3.11/site-packages/torch/distributed/elastic/multiprocessing/api.py:897] Sending process 864990 closing signal SIGTERM
W1003 16:24:53.332000 864849 .pixi/envs/default/lib/python3.11/site-packages/torch/distributed/elastic/multiprocessing/api.py:897] Sending process 864991 closing signal SIGTERM
E1003 16:24:56.528000 864849 .pixi/envs/default/lib/python3.11/site-packages/torch/distributed/elastic/multiprocessing/api.py:869] failed (exitcode: -11) local_rank: 1 (pid: 864989) of binary: /home/rogerlee/flux/.pixi/envs/default/bin/python
Traceback (most recent call last):
  File "<frozen runpy>", line 198, in _run_module_as_main
  File "<frozen runpy>", line 88, in _run_code
  File "/home/rogerlee/flux/.pixi/envs/default/lib/python3.11/site-packages/torch/distributed/run.py", line 922, in <module>
    main()
  File "/home/rogerlee/flux/.pixi/envs/default/lib/python3.11/site-packages/torch/distributed/elastic/multiprocessing/errors/__init__.py", line 355, in wrapper
    return f(*args, **kwargs)
           ^^^^^^^^^^^^^^^^^^
  File "/home/rogerlee/flux/.pixi/envs/default/lib/python3.11/site-packages/torch/distributed/run.py", line 918, in main
    run(args)
  File "/home/rogerlee/flux/.pixi/envs/default/lib/python3.11/site-packages/torch/distributed/run.py", line 909, in run
    elastic_launch(
  File "/home/rogerlee/flux/.pixi/envs/default/lib/python3.11/site-packages/torch/distributed/launcher/api.py", line 138, in __call__
    return launch_agent(self._config, self._entrypoint, list(args))
           ^^^^^^^^^^^^^^^^^^^^^^^^^^^^^^^^^^^^^^^^^^^^^^^^^^^^^^^^
  File "/home/rogerlee/flux/.pixi/envs/default/lib/python3.11/site-packages/torch/distributed/launcher/api.py", line 269, in launch_agent
    raise ChildFailedError(
torch.distributed.elastic.multiprocessing.errors.ChildFailedError: 
========================================================
test/python/ag_gemm/test_ag_kernel.py FAILED
--------------------------------------------------------
Failures:
  <NO_OTHER_FAILURES>
--------------------------------------------------------
Root Cause (first observed failure):
[0]:
  time      : 2026-10-03_16:24:53
  host      : css-host-158
  rank      : 1 (local_rank: 1)
  exitcode  : -11 (pid: 864989)
  error_file: <N/A>
  traceback : Signal 11 (SIGSEGV) received by PID 864989
========================================================
[exclusive_guard_v2 css-host-158] CLEAN (foreign GPU 0, CPU 0, root 0; self warnings 0) log=/home/rogerlee/flux/ws/fusion-dispatch/results/e4_flux_smoke/ag_ppn4_rail1/guard_node0.log
