[dbg rank 1 css-host-159 11:53:56] start
[dbg rank 1 css-host-159 11:53:57] init_process_group done
[dbg rank 1 css-host-159 11:53:57] device 0
[dbg rank 1 css-host-159 11:53:57] tensor
css-host-159:360959:360959 [0] NCCL INFO cudaDriverVersion 13040
css-host-159:360959:360959 [0] NCCL INFO NCCL_SOCKET_IFNAME set by environment to enp29s0f0np0
css-host-159:360959:360959 [0] NCCL INFO Bootstrap : Using enp29s0f0np0:10.10.1.159<0>
css-host-159:360959:360959 [0] NCCL INFO NET/Plugin: No plugin found (libnccl-net.so)
css-host-159:360959:360959 [0] NCCL INFO NET/Plugin: Plugin load returned 2 : libnccl-net.so: cannot open shared object file: No such file or directory : when loading libnccl-net.so
css-host-159:360959:360959 [0] NCCL INFO NET/Plugin: Using internal network plugin.
css-host-159:360959:360959 [0] NCCL INFO Comm config Blocking set to 1
css-host-159:360959:361100 [0] NCCL INFO NCCL_SOCKET_IFNAME set by environment to enp29s0f0np0
css-host-159:360959:361100 [0] NCCL INFO NCCL_IB_HCA set to =mlx5_0,mlx5_1,mlx5_2,mlx5_4,mlx5_5,mlx5_6,mlx5_7
css-host-159:360959:361100 [0] NCCL INFO NET/IB : Using [0]={[0] mlx5_0:1/RoCE, [1] mlx5_1:1/RoCE} [2]mlx5_2:1/RoCE [2]={[3] mlx5_4:1/RoCE, [4] mlx5_5:1/RoCE} [3]={[5] mlx5_6:1/RoCE, [6] mlx5_7:1/RoCE} [RO]; OOB enp29s0f0np0:10.10.1.159<0>
css-host-159:360959:361100 [0] NCCL INFO Using non-device net plugin version 0
css-host-159:360959:361100 [0] NCCL INFO Using network IB
css-host-159:360959:361100 [0] NCCL INFO DMA-BUF is available on GPU device 0
css-host-159:360959:361100 [0] NCCL INFO ncclCommInitRank comm 0x5cf4ee83dc70 rank 1 nranks 2 cudaDev 0 nvmlDev 0 busId 10000 commId 0xb63e4a9d1c6d10b8 - Init START
css-host-159:360959:361100 [0] NCCL INFO NCCL_P2P_LEVEL set by environment to NVL
css-host-159:360959:361100 [0] NCCL INFO Setting affinity for GPU 0 to ffffffff,00000000,ffffffff
css-host-159:360959:361100 [0] NCCL INFO comm 0x5cf4ee83dc70 rank 1 nRanks 2 nNodes 2 localRanks 1 localRank 0 MNNVL 0
css-host-159:360959:361100 [0] NCCL INFO Trees [0] -1/-1/-1->1->0 [1] 0/-1/-1->1->-1
css-host-159:360959:361100 [0] NCCL INFO P2P Chunksize set to 131072
css-host-159:360959:361100 [0] NCCL INFO Channel 00/0 : 0[0] -> 1[0] [receive] via NET/IB/0/GDRDMA
css-host-159:360959:361100 [0] NCCL INFO Channel 01/0 : 0[0] -> 1[0] [receive] via NET/IB/0/GDRDMA
css-host-159:360959:361100 [0] NCCL INFO Channel 00/0 : 1[0] -> 0[0] [send] via NET/IB/0/GDRDMA
css-host-159:360959:361100 [0] NCCL INFO Channel 01/0 : 1[0] -> 0[0] [send] via NET/IB/0/GDRDMA
css-host-159:360959:361108 [0] NCCL INFO NCCL_IB_GID_INDEX set by environment to 3.
css-host-159:360959:361108 [0] NCCL INFO NCCL_IB_TIMEOUT set by environment to 23.
css-host-159:360959:361100 [0] NCCL INFO Connected all rings
css-host-159:360959:361100 [0] NCCL INFO Connected all trees
css-host-159:360959:361100 [0] NCCL INFO NCCL_PROTO set by environment to Simple
css-host-159:360959:361100 [0] NCCL INFO NCCL_ALGO set by environment to RING
css-host-159:360959:361100 [0] NCCL INFO threadThresholds 8/8/64 | 16/8/64 | 512 | 512
css-host-159:360959:361100 [0] NCCL INFO 2 coll channels, 2 collnet channels, 0 nvls channels, 2 p2p channels, 2 p2p channels per peer
css-host-159:360959:361100 [0] NCCL INFO TUNER/Plugin: Plugin load returned 2 : libnccl-net.so: cannot open shared object file: No such file or directory : when loading libnccl-tuner.so
css-host-159:360959:361100 [0] NCCL INFO TUNER/Plugin: Using internal tuner plugin.
css-host-159:360959:361100 [0] NCCL INFO ncclCommInitRank comm 0x5cf4ee83dc70 rank 1 nranks 2 cudaDev 0 nvmlDev 0 busId 10000 commId 0xb63e4a9d1c6d10b8 - Init COMPLETE
[dbg rank 1 css-host-159 11:53:57] all_reduce launched
[dbg rank 1 css-host-159 11:53:57] all_reduce done value 0.0
Timeout (0:00:40)!
Thread 0x00007b5a0ebf6740 (most recent call first):
  File "/home/rogerlee/flux/.pixi/envs/default/lib/python3.11/site-packages/torch/distributed/distributed_c10d.py", line 4556 in barrier
  File "/home/rogerlee/flux/.pixi/envs/default/lib/python3.11/site-packages/torch/distributed/c10d_logger.py", line 81 in wrapper
  File "/home/rogerlee/flux/ws/fusion-dispatch/scripts/xnode_debug_min_v1.py", line 18 in <module>
W1003 11:54:54.661000 360829 .pixi/envs/default/lib/python3.11/site-packages/torch/distributed/elastic/agent/server/api.py:719] Received 15 death signal, shutting down workers
W1003 11:54:54.662000 360829 .pixi/envs/default/lib/python3.11/site-packages/torch/distributed/elastic/multiprocessing/api.py:897] Sending process 360959 closing signal SIGTERM
Traceback (most recent call last):
  File "<frozen runpy>", line 198, in _run_module_as_main
  File "<frozen runpy>", line 88, in _run_code
  File "/home/rogerlee/flux/.pixi/envs/default/lib/python3.11/site-packages/torch/distributed/run.py", line 922, in <module>
    main()
  File "/home/rogerlee/flux/.pixi/envs/default/lib/python3.11/site-packages/torch/distributed/elastic/multiprocessing/errors/__init__.py", line 355, in wrapper
    return f(*args, **kwargs)
           ^^^^^^^^^^^^^^^^^^
  File "/home/rogerlee/flux/.pixi/envs/default/lib/python3.11/site-packages/torch/distributed/run.py", line 918, in main
    run(args)
  File "/home/rogerlee/flux/.pixi/envs/default/lib/python3.11/site-packages/torch/distributed/run.py", line 909, in run
    elastic_launch(
  File "/home/rogerlee/flux/.pixi/envs/default/lib/python3.11/site-packages/torch/distributed/launcher/api.py", line 138, in __call__
    return launch_agent(self._config, self._entrypoint, list(args))
           ^^^^^^^^^^^^^^^^^^^^^^^^^^^^^^^^^^^^^^^^^^^^^^^^^^^^^^^^
  File "/home/rogerlee/flux/.pixi/envs/default/lib/python3.11/site-packages/torch/distributed/launcher/api.py", line 260, in launch_agent
    result = agent.run()
             ^^^^^^^^^^^
  File "/home/rogerlee/flux/.pixi/envs/default/lib/python3.11/site-packages/torch/distributed/elastic/metrics/api.py", line 137, in wrapper
    result = f(*args, **kwargs)
             ^^^^^^^^^^^^^^^^^^
  File "/home/rogerlee/flux/.pixi/envs/default/lib/python3.11/site-packages/torch/distributed/elastic/agent/server/api.py", line 711, in run
    result = self._invoke_run(role)
             ^^^^^^^^^^^^^^^^^^^^^^
  File "/home/rogerlee/flux/.pixi/envs/default/lib/python3.11/site-packages/torch/distributed/elastic/agent/server/api.py", line 870, in _invoke_run
    time.sleep(monitor_interval)
  File "/home/rogerlee/flux/.pixi/envs/default/lib/python3.11/site-packages/torch/distributed/elastic/multiprocessing/api.py", line 84, in _terminate_process_handler
    raise SignalException(f"Process {os.getpid()} got signal: {sigval}", sigval=sigval)
torch.distributed.elastic.multiprocessing.api.SignalException: Process 360829 got signal: 15
[exclusive_guard_v2 css-host-159] CLEAN (foreign GPU 0, CPU 0, root 0; self warnings 6) log=/home/rogerlee/flux/ws/fusion-dispatch/results/e4_debug/min4_simple/guard_node1.log
