
*****************************************
Setting OMP_NUM_THREADS environment variable for each process to be 1 in default, to avoid your system being overloaded, please further tune the variable for optimal performance in your application as needed. 
*****************************************
[rank1]:[W1003 16:36:14.687407398 ProcessGroupNCCL.cpp:4561] [PG ID 0 PG GUID 0 Rank 1]  using GPU 1 to perform barrier as devices used by this process are currently unknown. This can potentially cause a hang if this rank to GPU mapping is incorrect. Specify device_ids in barrier() to force use of a particular device, or call init_process_group() with a device_id.
[rank3]:[W1003 16:36:14.688439138 ProcessGroupNCCL.cpp:4561] [PG ID 0 PG GUID 0 Rank 3]  using GPU 3 to perform barrier as devices used by this process are currently unknown. This can potentially cause a hang if this rank to GPU mapping is incorrect. Specify device_ids in barrier() to force use of a particular device, or call init_process_group() with a device_id.
[rank2]:[W1003 16:36:14.690257266 ProcessGroupNCCL.cpp:4561] [PG ID 0 PG GUID 0 Rank 2]  using GPU 2 to perform barrier as devices used by this process are currently unknown. This can potentially cause a hang if this rank to GPU mapping is incorrect. Specify device_ids in barrier() to force use of a particular device, or call init_process_group() with a device_id.
[rank0]:[W1003 16:36:14.690763321 ProcessGroupNCCL.cpp:4561] [PG ID 0 PG GUID 0 Rank 0]  using GPU 0 to perform barrier as devices used by this process are currently unknown. This can potentially cause a hang if this rank to GPU mapping is incorrect. Specify device_ids in barrier() to force use of a particular device, or call init_process_group() with a device_id.
SOL gemm TensorCore 0.220ms Memory read: 0.070ms write: 0.004ms
torch #0: total 31.260 ms, gemm 0.459 ms, comm 30.801 ms, gemm_only 0.000 ms
torch #1: total 31.243 ms, gemm 0.469 ms, comm 30.775 ms, gemm_only 0.000 ms
torch #2: total 31.233 ms, gemm 0.461 ms, comm 30.772 ms, gemm_only 0.000 ms
torch #3: total 31.291 ms, gemm 0.469 ms, comm 30.823 ms, gemm_only 0.000 ms
flux  #0: total 2.499 ms, gemm 0.276 ms, comm 2.223 ms, gemm_only 0.288 ms
flux  #1: total 2.515 ms, gemm 0.272 ms, comm 2.243 ms, gemm_only 0.341 ms
flux  #2: total 2.524 ms, gemm 0.273 ms, comm 2.251 ms, gemm_only 0.289 ms
flux  #3: total 2.504 ms, gemm 0.276 ms, comm 2.229 ms, gemm_only 0.342 ms
all close!
all close!all close!

all close!
[exclusive_guard_v2 css-host-158] CLEAN (foreign GPU 0, CPU 0, root 0; self warnings 0) log=/home/rogerlee/flux/ws/fusion-dispatch/results/e4_flux_smoke/agx_ppn4_rail1/guard_node0.log
