
*****************************************
Setting OMP_NUM_THREADS environment variable for each process to be 1 in default, to avoid your system being overloaded, please further tune the variable for optimal performance in your application as needed. 
*****************************************
WARNING:root:Failed to load NVSHMEM libs
WARNING:root:Failed to load NVSHMEM libs
usage: calibrate_xnode_v2.py [-h] [--modes MODES] [--rounds ROUNDS]
                             [--rounds_steady ROUNDS_STEADY] [--warmup WARMUP]
                             [--warmup_first WARMUP_FIRST]
                             [--steady_L STEADY_L] [--pad_cycles PAD_CYCLES]
                             [--flush_mb FLUSH_MB]
                             [--clock_period CLOCK_PERIOD] [--seed SEED]
                             --out_dir OUT_DIR --cases CASES
calibrate_xnode_v2.py: error: the following arguments are required: --out_dir
usage: calibrate_xnode_v2.py [-h] [--modes MODES] [--rounds ROUNDS]
                             [--rounds_steady ROUNDS_STEADY] [--warmup WARMUP]
                             [--warmup_first WARMUP_FIRST]
                             [--steady_L STEADY_L] [--pad_cycles PAD_CYCLES]
                             [--flush_mb FLUSH_MB]
                             [--clock_period CLOCK_PERIOD] [--seed SEED]
                             --out_dir OUT_DIR --cases CASES
calibrate_xnode_v2.py: error: the following arguments are required: --out_dir
W1005 12:29:34.647000 616599 torch/distributed/elastic/multiprocessing/api.py:897] Sending process 616665 closing signal SIGTERM
E1005 12:29:34.762000 616599 torch/distributed/elastic/multiprocessing/api.py:869] failed (exitcode: 2) local_rank: 1 (pid: 616666) of binary: /home/rogerlee/venvs/vllm085-flux/bin/python
Traceback (most recent call last):
  File "<frozen runpy>", line 198, in _run_module_as_main
  File "<frozen runpy>", line 88, in _run_code
  File "/home/rogerlee/venvs/vllm085-flux/lib/python3.11/site-packages/torch/distributed/run.py", line 922, in <module>
    main()
  File "/home/rogerlee/venvs/vllm085-flux/lib/python3.11/site-packages/torch/distributed/elastic/multiprocessing/errors/__init__.py", line 355, in wrapper
    return f(*args, **kwargs)
           ^^^^^^^^^^^^^^^^^^
  File "/home/rogerlee/venvs/vllm085-flux/lib/python3.11/site-packages/torch/distributed/run.py", line 918, in main
    run(args)
  File "/home/rogerlee/venvs/vllm085-flux/lib/python3.11/site-packages/torch/distributed/run.py", line 909, in run
    elastic_launch(
  File "/home/rogerlee/venvs/vllm085-flux/lib/python3.11/site-packages/torch/distributed/launcher/api.py", line 138, in __call__
    return launch_agent(self._config, self._entrypoint, list(args))
           ^^^^^^^^^^^^^^^^^^^^^^^^^^^^^^^^^^^^^^^^^^^^^^^^^^^^^^^^
  File "/home/rogerlee/venvs/vllm085-flux/lib/python3.11/site-packages/torch/distributed/launcher/api.py", line 269, in launch_agent
    raise ChildFailedError(
torch.distributed.elastic.multiprocessing.errors.ChildFailedError: 
============================================================
ws/fusion-dispatch/scripts/calibrate_xnode_v2.py FAILED
------------------------------------------------------------
Failures:
  <NO_OTHER_FAILURES>
------------------------------------------------------------
Root Cause (first observed failure):
[0]:
  time      : 2026-10-05_12:29:34
  host      : css-host-159
  rank      : 3 (local_rank: 1)
  exitcode  : 2 (pid: 616666)
  error_file: <N/A>
  traceback : To enable traceback see: https://pytorch.org/docs/stable/elastic/errors.html
============================================================
[exclusive_guard_v2 css-host-159] CLEAN (foreign GPU 0, CPU 0, root 0; self warnings 0) log=/home/rogerlee/flux/ws/fusion-dispatch/results/e4a2_layout/cal_tp4x2n2/guard_node1.log
bash: line 1: 4096:32,64,128,192,256,320,384,448,512,768,1024,1536,2048,3072,4096: command not found
