
*****************************************
Setting OMP_NUM_THREADS environment variable for each process to be 1 in default, to avoid your system being overloaded, please further tune the variable for optimal performance in your application as needed. 
*****************************************
WARNING:root:Failed to load NVSHMEM libs
WARNING:root:Failed to load NVSHMEM libs
W1005 17:08:55.530000 1178780 torch/distributed/elastic/multiprocessing/api.py:897] Sending process 1178870 closing signal SIGTERM
W1005 17:08:55.532000 1178780 torch/distributed/elastic/multiprocessing/api.py:897] Sending process 1178871 closing signal SIGTERM
Traceback (most recent call last):
  File "/home/rogerlee/venvs/vllm085-flux/lib/python3.11/site-packages/torch/distributed/elastic/agent/server/api.py", line 711, in run
    result = self._invoke_run(role)
             ^^^^^^^^^^^^^^^^^^^^^^
  File "/home/rogerlee/venvs/vllm085-flux/lib/python3.11/site-packages/torch/distributed/elastic/agent/server/api.py", line 870, in _invoke_run
    time.sleep(monitor_interval)
  File "/home/rogerlee/venvs/vllm085-flux/lib/python3.11/site-packages/torch/distributed/elastic/multiprocessing/api.py", line 83, in _terminate_process_handler
    sigval = signal.Signals(signum)
             ^^^^^^^^^^^^^^^^^^^^^^
  File "/home/rogerlee/flux/.pixi/envs/default/lib/python3.11/enum.py", line 714, in __call__
    return cls.__new__(cls, value)
           ^^^^^^^^^^^^^^^^^^^^^^^
  File "/home/rogerlee/flux/.pixi/envs/default/lib/python3.11/enum.py", line 1095, in __new__
    def __new__(cls, value):

  File "/home/rogerlee/venvs/vllm085-flux/lib/python3.11/site-packages/torch/distributed/elastic/multiprocessing/api.py", line 84, in _terminate_process_handler
    raise SignalException(f"Process {os.getpid()} got signal: {sigval}", sigval=sigval)
torch.distributed.elastic.multiprocessing.api.SignalException: Process 1178780 got signal: 15

During handling of the above exception, another exception occurred:

Traceback (most recent call last):
  File "<frozen runpy>", line 198, in _run_module_as_main
  File "<frozen runpy>", line 88, in _run_code
  File "/home/rogerlee/venvs/vllm085-flux/lib/python3.11/site-packages/torch/distributed/run.py", line 922, in <module>
    main()
  File "/home/rogerlee/venvs/vllm085-flux/lib/python3.11/site-packages/torch/distributed/elastic/multiprocessing/errors/__init__.py", line 355, in wrapper
    return f(*args, **kwargs)
           ^^^^^^^^^^^^^^^^^^
  File "/home/rogerlee/venvs/vllm085-flux/lib/python3.11/site-packages/torch/distributed/run.py", line 918, in main
    run(args)
  File "/home/rogerlee/venvs/vllm085-flux/lib/python3.11/site-packages/torch/distributed/run.py", line 909, in run
    elastic_launch(
  File "/home/rogerlee/venvs/vllm085-flux/lib/python3.11/site-packages/torch/distributed/launcher/api.py", line 138, in __call__
    return launch_agent(self._config, self._entrypoint, list(args))
           ^^^^^^^^^^^^^^^^^^^^^^^^^^^^^^^^^^^^^^^^^^^^^^^^^^^^^^^^
  File "/home/rogerlee/venvs/vllm085-flux/lib/python3.11/site-packages/torch/distributed/launcher/api.py", line 260, in launch_agent
    result = agent.run()
             ^^^^^^^^^^^
  File "/home/rogerlee/venvs/vllm085-flux/lib/python3.11/site-packages/torch/distributed/elastic/metrics/api.py", line 137, in wrapper
    result = f(*args, **kwargs)
             ^^^^^^^^^^^^^^^^^^
  File "/home/rogerlee/venvs/vllm085-flux/lib/python3.11/site-packages/torch/distributed/elastic/agent/server/api.py", line 719, in run
    logger.warning("Received %s death signal, shutting down workers", e.sigval)
  File "/home/rogerlee/flux/.pixi/envs/default/lib/python3.11/logging/__init__.py", line 1501, in warning
    self._log(WARNING, msg, args, **kwargs)
  File "/home/rogerlee/flux/.pixi/envs/default/lib/python3.11/logging/__init__.py", line 1632, in _log
    record = self.makeRecord(self.name, level, fn, lno, msg, args,
             ^^^^^^^^^^^^^^^^^^^^^^^^^^^^^^^^^^^^^^^^^^^^^^^^^^^^^
  File "/home/rogerlee/flux/.pixi/envs/default/lib/python3.11/logging/__init__.py", line 1601, in makeRecord
    rv = _logRecordFactory(name, level, fn, lno, msg, args, exc_info, func,
         ^^^^^^^^^^^^^^^^^^^^^^^^^^^^^^^^^^^^^^^^^^^^^^^^^^^^^^^^^^^^^^^^^^
  File "/home/rogerlee/flux/.pixi/envs/default/lib/python3.11/logging/__init__.py", line 318, in __init__
    if (args and len(args) == 1 and isinstance(args[0], collections.abc.Mapping)
                                    ^^^^^^^^^^^^^^^^^^^^^^^^^^^^^^^^^^^^^^^^^^^^
  File "<frozen abc>", line 119, in __instancecheck__
  File "<frozen abc>", line 123, in __subclasscheck__
  File "<frozen abc>", line 123, in __subclasscheck__
  File "<frozen abc>", line 121, in __subclasscheck__
  File "/home/rogerlee/venvs/vllm085-flux/lib/python3.11/site-packages/torch/distributed/elastic/multiprocessing/api.py", line 84, in _terminate_process_handler
    raise SignalException(f"Process {os.getpid()} got signal: {sigval}", sigval=sigval)
torch.distributed.elastic.multiprocessing.api.SignalException: Process 1178780 got signal: 15
